2026-08-12 23:03:58 | INFO | ======================================================================
2026-08-12 23:03:58 | INFO | BREEZE HISTORICAL DATA DOWNLOAD
2026-08-12 23:03:58 | INFO | ======================================================================
2026-08-12 23:03:58 | INFO | Stock       : RELIND
2026-08-12 23:03:58 | INFO | Exchange    : NSE
2026-08-12 23:03:58 | INFO | Product     : cash
2026-08-12 23:03:58 | INFO | Interval    : 1minute
2026-08-12 23:03:58 | INFO | From        : 2026-07-01T09:15:00.000Z
2026-08-12 23:03:58 | INFO | To          : 2026-07-31T15:30:00.000Z
2026-08-12 23:03:58 | INFO | Chunk days  : 2
2026-08-12 23:03:58 | INFO | Request delay: 1.0s
2026-08-12 23:03:58 | INFO | Max retries : 3
2026-08-12 23:03:58 | INFO | Output file : relind_1minute.json
2026-08-12 23:03:58 | INFO | Log file    : logs/RELIND_1minute_20260812_230358.log
2026-08-12 23:03:58 | INFO | ======================================================================
2026-08-12 23:03:58 | INFO | Initializing BreezeConnect...
2026-08-12 23:03:58 | INFO | Breeze login URL generated.
2026-08-12 23:03:58 | INFO | Generating Breeze session...
2026-08-12 23:04:00 | INFO | Breeze session generated successfully.
2026-08-12 23:04:00 | INFO | 
2026-08-12 23:04:00 | INFO | ======================================================================
2026-08-12 23:04:00 | INFO | CHUNK #1
2026-08-12 23:04:00 | INFO | Trading days: 2026-07-01 -> 2026-07-02
2026-08-12 23:04:00 | INFO | Request: 2026-07-01T09:15:00.0000Z -> 2026-07-02T15:45:00.0000Z
2026-08-12 23:04:00 | INFO | ======================================================================
2026-08-12 23:04:00 | INFO | API request: 2026-07-01T09:15:00.0000Z -> 2026-07-02T15:45:00.0000Z (attempt 1/3)
2026-08-12 23:04:01 | WARNING | API response does not contain Success.
2026-08-12 23:04:01 | WARNING | API response: {'Error': 'Date not in Proper Format', 'Status': 500}
2026-08-12 23:04:01 | INFO | No candles returned for this chunk.
2026-08-12 23:04:01 | INFO | Next trading day: 2026-07-03
2026-08-12 23:04:01 | INFO | Waiting 1.0 seconds...
2026-08-12 23:04:02 | INFO | 
2026-08-12 23:04:02 | INFO | ======================================================================
2026-08-12 23:04:02 | INFO | CHUNK #2
2026-08-12 23:04:02 | INFO | Trading days: 2026-07-03 -> 2026-07-03
2026-08-12 23:04:02 | INFO | Request: 2026-07-03T09:00:00.0000Z -> 2026-07-03T15:45:00.0000Z
2026-08-12 23:04:02 | INFO | ======================================================================
2026-08-12 23:04:02 | INFO | API request: 2026-07-03T09:00:00.0000Z -> 2026-07-03T15:45:00.0000Z (attempt 1/3)
2026-08-12 23:04:02 | WARNING | API response does not contain Success.
2026-08-12 23:04:02 | WARNING | API response: {'Error': 'Date not in Proper Format', 'Status': 500}
2026-08-12 23:04:02 | INFO | No candles returned for this chunk.
2026-08-12 23:04:02 | INFO | Next trading day: 2026-07-06
2026-08-12 23:04:02 | INFO | Waiting 1.0 seconds...
2026-08-12 23:04:03 | INFO | 
2026-08-12 23:04:03 | INFO | ======================================================================
2026-08-12 23:04:03 | INFO | CHUNK #3
2026-08-12 23:04:03 | INFO | Trading days: 2026-07-06 -> 2026-07-07
2026-08-12 23:04:03 | INFO | Request: 2026-07-06T09:00:00.0000Z -> 2026-07-07T15:45:00.0000Z
2026-08-12 23:04:03 | INFO | ======================================================================
2026-08-12 23:04:03 | INFO | API request: 2026-07-06T09:00:00.0000Z -> 2026-07-07T15:45:00.0000Z (attempt 1/3)
2026-08-12 23:04:03 | WARNING | API response does not contain Success.
2026-08-12 23:04:03 | WARNING | API response: {'Error': 'Date not in Proper Format', 'Status': 500}
2026-08-12 23:04:03 | INFO | No candles returned for this chunk.
2026-08-12 23:04:03 | INFO | Next trading day: 2026-07-08
2026-08-12 23:04:03 | INFO | Waiting 1.0 seconds...
2026-08-12 23:04:04 | INFO | 
2026-08-12 23:04:04 | INFO | ======================================================================
2026-08-12 23:04:04 | INFO | CHUNK #4
2026-08-12 23:04:04 | INFO | Trading days: 2026-07-08 -> 2026-07-09
2026-08-12 23:04:04 | INFO | Request: 2026-07-08T09:00:00.0000Z -> 2026-07-09T15:45:00.0000Z
2026-08-12 23:04:04 | INFO | ======================================================================
2026-08-12 23:04:04 | INFO | API request: 2026-07-08T09:00:00.0000Z -> 2026-07-09T15:45:00.0000Z (attempt 1/3)
2026-08-12 23:04:05 | WARNING | API response does not contain Success.
2026-08-12 23:04:05 | WARNING | API response: {'Error': 'Date not in Proper Format', 'Status': 500}
2026-08-12 23:04:05 | INFO | No candles returned for this chunk.
2026-08-12 23:04:05 | INFO | Next trading day: 2026-07-10
2026-08-12 23:04:05 | INFO | Waiting 1.0 seconds...
2026-08-12 23:04:06 | INFO | 
2026-08-12 23:04:06 | INFO | ======================================================================
2026-08-12 23:04:06 | INFO | CHUNK #5
2026-08-12 23:04:06 | INFO | Trading days: 2026-07-10 -> 2026-07-10
2026-08-12 23:04:06 | INFO | Request: 2026-07-10T09:00:00.0000Z -> 2026-07-10T15:45:00.0000Z
2026-08-12 23:04:06 | INFO | ======================================================================
2026-08-12 23:04:06 | INFO | API request: 2026-07-10T09:00:00.0000Z -> 2026-07-10T15:45:00.0000Z (attempt 1/3)
2026-08-12 23:04:06 | WARNING | API response does not contain Success.
2026-08-12 23:04:06 | WARNING | API response: {'Error': 'Date not in Proper Format', 'Status': 500}
2026-08-12 23:04:06 | INFO | No candles returned for this chunk.
2026-08-12 23:04:06 | INFO | Next trading day: 2026-07-13
2026-08-12 23:04:06 | INFO | Waiting 1.0 seconds...
2026-08-12 23:04:07 | INFO | 
2026-08-12 23:04:07 | INFO | ======================================================================
2026-08-12 23:04:07 | INFO | CHUNK #6
2026-08-12 23:04:07 | INFO | Trading days: 2026-07-13 -> 2026-07-14
2026-08-12 23:04:07 | INFO | Request: 2026-07-13T09:00:00.0000Z -> 2026-07-14T15:45:00.0000Z
2026-08-12 23:04:07 | INFO | ======================================================================
2026-08-12 23:04:07 | INFO | API request: 2026-07-13T09:00:00.0000Z -> 2026-07-14T15:45:00.0000Z (attempt 1/3)
2026-08-12 23:04:07 | WARNING | API response does not contain Success.
2026-08-12 23:04:07 | WARNING | API response: {'Error': 'Date not in Proper Format', 'Status': 500}
2026-08-12 23:04:07 | INFO | No candles returned for this chunk.
2026-08-12 23:04:07 | INFO | Next trading day: 2026-07-15
2026-08-12 23:04:07 | INFO | Waiting 1.0 seconds...
2026-08-12 23:04:08 | INFO | 
2026-08-12 23:04:08 | INFO | ======================================================================
2026-08-12 23:04:08 | INFO | CHUNK #7
2026-08-12 23:04:08 | INFO | Trading days: 2026-07-15 -> 2026-07-16
2026-08-12 23:04:08 | INFO | Request: 2026-07-15T09:00:00.0000Z -> 2026-07-16T15:45:00.0000Z
2026-08-12 23:04:08 | INFO | ======================================================================
2026-08-12 23:04:08 | INFO | API request: 2026-07-15T09:00:00.0000Z -> 2026-07-16T15:45:00.0000Z (attempt 1/3)
2026-08-12 23:04:08 | WARNING | API response does not contain Success.
2026-08-12 23:04:08 | WARNING | API response: {'Error': 'Date not in Proper Format', 'Status': 500}
2026-08-12 23:04:08 | INFO | No candles returned for this chunk.
2026-08-12 23:04:08 | INFO | Next trading day: 2026-07-17
2026-08-12 23:04:08 | INFO | Waiting 1.0 seconds...
2026-08-12 23:04:09 | INFO | 
2026-08-12 23:04:09 | INFO | ======================================================================
2026-08-12 23:04:09 | INFO | CHUNK #8
2026-08-12 23:04:09 | INFO | Trading days: 2026-07-17 -> 2026-07-17
2026-08-12 23:04:09 | INFO | Request: 2026-07-17T09:00:00.0000Z -> 2026-07-17T15:45:00.0000Z
2026-08-12 23:04:09 | INFO | ======================================================================
2026-08-12 23:04:09 | INFO | API request: 2026-07-17T09:00:00.0000Z -> 2026-07-17T15:45:00.0000Z (attempt 1/3)
2026-08-12 23:04:09 | WARNING | API response does not contain Success.
2026-08-12 23:04:09 | WARNING | API response: {'Error': 'Date not in Proper Format', 'Status': 500}
2026-08-12 23:04:09 | INFO | No candles returned for this chunk.
2026-08-12 23:04:09 | INFO | Next trading day: 2026-07-20
2026-08-12 23:04:09 | INFO | Waiting 1.0 seconds...
2026-08-12 23:04:10 | INFO | 
2026-08-12 23:04:10 | INFO | ======================================================================
2026-08-12 23:04:10 | INFO | CHUNK #9
2026-08-12 23:04:10 | INFO | Trading days: 2026-07-20 -> 2026-07-21
2026-08-12 23:04:10 | INFO | Request: 2026-07-20T09:00:00.0000Z -> 2026-07-21T15:45:00.0000Z
2026-08-12 23:04:10 | INFO | ======================================================================
2026-08-12 23:04:10 | INFO | API request: 2026-07-20T09:00:00.0000Z -> 2026-07-21T15:45:00.0000Z (attempt 1/3)
2026-08-12 23:04:11 | WARNING | API response does not contain Success.
2026-08-12 23:04:11 | WARNING | API response: {'Error': 'Date not in Proper Format', 'Status': 500}
2026-08-12 23:04:11 | INFO | No candles returned for this chunk.
2026-08-12 23:04:11 | INFO | Next trading day: 2026-07-22
2026-08-12 23:04:11 | INFO | Waiting 1.0 seconds...
2026-08-12 23:04:12 | INFO | 
2026-08-12 23:04:12 | INFO | ======================================================================
2026-08-12 23:04:12 | INFO | CHUNK #10
2026-08-12 23:04:12 | INFO | Trading days: 2026-07-22 -> 2026-07-23
2026-08-12 23:04:12 | INFO | Request: 2026-07-22T09:00:00.0000Z -> 2026-07-23T15:45:00.0000Z
2026-08-12 23:04:12 | INFO | ======================================================================
2026-08-12 23:04:12 | INFO | API request: 2026-07-22T09:00:00.0000Z -> 2026-07-23T15:45:00.0000Z (attempt 1/3)
2026-08-12 23:04:12 | WARNING | API response does not contain Success.
2026-08-12 23:04:12 | WARNING | API response: {'Error': 'Date not in Proper Format', 'Status': 500}
2026-08-12 23:04:12 | INFO | No candles returned for this chunk.
2026-08-12 23:04:12 | INFO | Next trading day: 2026-07-24
2026-08-12 23:04:12 | INFO | Waiting 1.0 seconds...
2026-08-12 23:04:13 | INFO | 
2026-08-12 23:04:13 | INFO | ======================================================================
2026-08-12 23:04:13 | INFO | CHUNK #11
2026-08-12 23:04:13 | INFO | Trading days: 2026-07-24 -> 2026-07-24
2026-08-12 23:04:13 | INFO | Request: 2026-07-24T09:00:00.0000Z -> 2026-07-24T15:45:00.0000Z
2026-08-12 23:04:13 | INFO | ======================================================================
2026-08-12 23:04:13 | INFO | API request: 2026-07-24T09:00:00.0000Z -> 2026-07-24T15:45:00.0000Z (attempt 1/3)
2026-08-12 23:04:13 | WARNING | API response does not contain Success.
2026-08-12 23:04:13 | WARNING | API response: {'Error': 'Date not in Proper Format', 'Status': 500}
2026-08-12 23:04:13 | INFO | No candles returned for this chunk.
2026-08-12 23:04:13 | INFO | Next trading day: 2026-07-27
2026-08-12 23:04:13 | INFO | Waiting 1.0 seconds...
2026-08-12 23:04:14 | INFO | 
2026-08-12 23:04:14 | INFO | ======================================================================
2026-08-12 23:04:14 | INFO | CHUNK #12
2026-08-12 23:04:14 | INFO | Trading days: 2026-07-27 -> 2026-07-28
2026-08-12 23:04:14 | INFO | Request: 2026-07-27T09:00:00.0000Z -> 2026-07-28T15:45:00.0000Z
2026-08-12 23:04:14 | INFO | ======================================================================
2026-08-12 23:04:14 | INFO | API request: 2026-07-27T09:00:00.0000Z -> 2026-07-28T15:45:00.0000Z (attempt 1/3)
2026-08-12 23:04:14 | WARNING | API response does not contain Success.
2026-08-12 23:04:14 | WARNING | API response: {'Error': 'Date not in Proper Format', 'Status': 500}
2026-08-12 23:04:14 | INFO | No candles returned for this chunk.
2026-08-12 23:04:14 | INFO | Next trading day: 2026-07-29
2026-08-12 23:04:14 | INFO | Waiting 1.0 seconds...
2026-08-12 23:04:15 | INFO | 
2026-08-12 23:04:15 | INFO | ======================================================================
2026-08-12 23:04:15 | INFO | CHUNK #13
2026-08-12 23:04:15 | INFO | Trading days: 2026-07-29 -> 2026-07-30
2026-08-12 23:04:15 | INFO | Request: 2026-07-29T09:00:00.0000Z -> 2026-07-30T15:45:00.0000Z
2026-08-12 23:04:15 | INFO | ======================================================================
2026-08-12 23:04:15 | INFO | API request: 2026-07-29T09:00:00.0000Z -> 2026-07-30T15:45:00.0000Z (attempt 1/3)
2026-08-12 23:04:15 | WARNING | API response does not contain Success.
2026-08-12 23:04:15 | WARNING | API response: {'Error': 'Date not in Proper Format', 'Status': 500}
2026-08-12 23:04:15 | INFO | No candles returned for this chunk.
2026-08-12 23:04:15 | INFO | Next trading day: 2026-07-31
2026-08-12 23:04:15 | INFO | Waiting 1.0 seconds...
2026-08-12 23:04:16 | INFO | 
2026-08-12 23:04:16 | INFO | ======================================================================
2026-08-12 23:04:16 | INFO | CHUNK #14
2026-08-12 23:04:16 | INFO | Trading days: 2026-07-31 -> 2026-07-31
2026-08-12 23:04:16 | INFO | Request: 2026-07-31T09:00:00.0000Z -> 2026-07-31T15:30:00.0000Z
2026-08-12 23:04:16 | INFO | ======================================================================
2026-08-12 23:04:16 | INFO | API request: 2026-07-31T09:00:00.0000Z -> 2026-07-31T15:30:00.0000Z (attempt 1/3)
2026-08-12 23:04:18 | WARNING | API response does not contain Success.
2026-08-12 23:04:18 | WARNING | API response: {'Error': 'Date not in Proper Format', 'Status': 500}
2026-08-12 23:04:18 | INFO | No candles returned for this chunk.
2026-08-12 23:04:18 | INFO | 
2026-08-12 23:04:18 | INFO | ======================================================================
2026-08-12 23:04:18 | INFO | REMOVING DUPLICATES
2026-08-12 23:04:18 | INFO | ======================================================================
2026-08-12 23:04:18 | INFO | Final unique candle count: 0
2026-08-12 23:04:18 | INFO | 
2026-08-12 23:04:18 | INFO | ======================================================================
2026-08-12 23:04:18 | INFO | SAVING DATA
2026-08-12 23:04:18 | INFO | ======================================================================
2026-08-12 23:04:18 | INFO | Data saved successfully: relind_1minute.json
2026-08-12 23:04:18 | INFO | Total candles: 0
2026-08-12 23:04:18 | INFO | Log saved to: logs/RELIND_1minute_20260812_230358.log
2026-08-12 23:04:18 | INFO | ======================================================================
2026-08-12 23:04:18 | INFO | DOWNLOAD COMPLETE
2026-08-12 23:04:18 | INFO | ======================================================================
