2026-08-12 23:07:27 | INFO | ======================================================================
2026-08-12 23:07:27 | INFO | BREEZE HISTORICAL DATA DOWNLOAD
2026-08-12 23:07:27 | INFO | ======================================================================
2026-08-12 23:07:27 | INFO | Stock       : RELIND
2026-08-12 23:07:27 | INFO | Exchange    : NSE
2026-08-12 23:07:27 | INFO | Product     : cash
2026-08-12 23:07:27 | INFO | Interval    : 1minute
2026-08-12 23:07:27 | INFO | From        : 2026-07-01T09:15:00.000Z
2026-08-12 23:07:27 | INFO | To          : 2026-07-31T15:30:00.000Z
2026-08-12 23:07:27 | INFO | Chunk days  : 2
2026-08-12 23:07:27 | INFO | Request delay: 1.0s
2026-08-12 23:07:27 | INFO | Max retries : 3
2026-08-12 23:07:27 | INFO | Output file : relind_1minute.json
2026-08-12 23:07:27 | INFO | Log file    : logs/RELIND_1minute_20260812_230727.log
2026-08-12 23:07:27 | INFO | ======================================================================
2026-08-12 23:07:27 | INFO | Initializing BreezeConnect...
2026-08-12 23:07:27 | INFO | Breeze login URL generated.
2026-08-12 23:07:27 | INFO | Generating Breeze session...
2026-08-12 23:07:29 | INFO | Breeze session generated successfully.
2026-08-12 23:07:29 | INFO | 
2026-08-12 23:07:29 | INFO | ======================================================================
2026-08-12 23:07:29 | INFO | CHUNK #1
2026-08-12 23:07:29 | INFO | Trading days: 2026-07-01 -> 2026-07-02
2026-08-12 23:07:29 | INFO | Request: 2026-07-01T09:15:00.000Z -> 2026-07-02T15:45:00.000Z
2026-08-12 23:07:29 | INFO | ======================================================================
2026-08-12 23:07:29 | INFO | API request: 2026-07-01T09:15:00.000Z -> 2026-07-02T15:45:00.000Z (attempt 1/3)
2026-08-12 23:07:29 | INFO | Received 755 candles
2026-08-12 23:07:29 | INFO | First candle: 2026-07-01 09:15:00
2026-08-12 23:07:29 | INFO | Last candle : 2026-07-02 15:31:00
2026-08-12 23:07:29 | INFO | Total candles collected: 755
2026-08-12 23:07:29 | INFO | Next trading day: 2026-07-03
2026-08-12 23:07:29 | INFO | Waiting 1.0 seconds...
2026-08-12 23:07:30 | INFO | 
2026-08-12 23:07:30 | INFO | ======================================================================
2026-08-12 23:07:30 | INFO | CHUNK #2
2026-08-12 23:07:30 | INFO | Trading days: 2026-07-03 -> 2026-07-03
2026-08-12 23:07:30 | INFO | Request: 2026-07-03T09:00:00.000Z -> 2026-07-03T15:45:00.000Z
2026-08-12 23:07:30 | INFO | ======================================================================
2026-08-12 23:07:30 | INFO | API request: 2026-07-03T09:00:00.000Z -> 2026-07-03T15:45:00.000Z (attempt 1/3)
2026-08-12 23:07:31 | INFO | Received 378 candles
2026-08-12 23:07:31 | INFO | First candle: 2026-07-03 09:07:00
2026-08-12 23:07:31 | INFO | Last candle : 2026-07-03 15:31:00
2026-08-12 23:07:31 | INFO | Total candles collected: 1133
2026-08-12 23:07:31 | INFO | Next trading day: 2026-07-06
2026-08-12 23:07:31 | INFO | Waiting 1.0 seconds...
2026-08-12 23:07:32 | INFO | 
2026-08-12 23:07:32 | INFO | ======================================================================
2026-08-12 23:07:32 | INFO | CHUNK #3
2026-08-12 23:07:32 | INFO | Trading days: 2026-07-06 -> 2026-07-07
2026-08-12 23:07:32 | INFO | Request: 2026-07-06T09:00:00.000Z -> 2026-07-07T15:45:00.000Z
2026-08-12 23:07:32 | INFO | ======================================================================
2026-08-12 23:07:32 | INFO | API request: 2026-07-06T09:00:00.000Z -> 2026-07-07T15:45:00.000Z (attempt 1/3)
2026-08-12 23:07:32 | INFO | Received 755 candles
2026-08-12 23:07:32 | INFO | First candle: 2026-07-06 09:07:00
2026-08-12 23:07:32 | INFO | Last candle : 2026-07-07 15:31:00
2026-08-12 23:07:32 | INFO | Total candles collected: 1888
2026-08-12 23:07:32 | INFO | Next trading day: 2026-07-08
2026-08-12 23:07:32 | INFO | Waiting 1.0 seconds...
2026-08-12 23:07:33 | INFO | 
2026-08-12 23:07:33 | INFO | ======================================================================
2026-08-12 23:07:33 | INFO | CHUNK #4
2026-08-12 23:07:33 | INFO | Trading days: 2026-07-08 -> 2026-07-09
2026-08-12 23:07:33 | INFO | Request: 2026-07-08T09:00:00.000Z -> 2026-07-09T15:45:00.000Z
2026-08-12 23:07:33 | INFO | ======================================================================
2026-08-12 23:07:33 | INFO | API request: 2026-07-08T09:00:00.000Z -> 2026-07-09T15:45:00.000Z (attempt 1/3)
2026-08-12 23:07:33 | INFO | Received 756 candles
2026-08-12 23:07:33 | INFO | First candle: 2026-07-08 09:07:00
2026-08-12 23:07:33 | INFO | Last candle : 2026-07-09 15:31:00
2026-08-12 23:07:33 | INFO | Total candles collected: 2644
2026-08-12 23:07:33 | INFO | Next trading day: 2026-07-10
2026-08-12 23:07:33 | INFO | Waiting 1.0 seconds...
2026-08-12 23:07:34 | INFO | 
2026-08-12 23:07:34 | INFO | ======================================================================
2026-08-12 23:07:34 | INFO | CHUNK #5
2026-08-12 23:07:34 | INFO | Trading days: 2026-07-10 -> 2026-07-10
2026-08-12 23:07:34 | INFO | Request: 2026-07-10T09:00:00.000Z -> 2026-07-10T15:45:00.000Z
2026-08-12 23:07:34 | INFO | ======================================================================
2026-08-12 23:07:34 | INFO | API request: 2026-07-10T09:00:00.000Z -> 2026-07-10T15:45:00.000Z (attempt 1/3)
2026-08-12 23:07:34 | INFO | Received 378 candles
2026-08-12 23:07:34 | INFO | First candle: 2026-07-10 09:07:00
2026-08-12 23:07:34 | INFO | Last candle : 2026-07-10 15:31:00
2026-08-12 23:07:34 | INFO | Total candles collected: 3022
2026-08-12 23:07:34 | INFO | Next trading day: 2026-07-13
2026-08-12 23:07:34 | INFO | Waiting 1.0 seconds...
2026-08-12 23:07:35 | INFO | 
2026-08-12 23:07:35 | INFO | ======================================================================
2026-08-12 23:07:35 | INFO | CHUNK #6
2026-08-12 23:07:35 | INFO | Trading days: 2026-07-13 -> 2026-07-14
2026-08-12 23:07:35 | INFO | Request: 2026-07-13T09:00:00.000Z -> 2026-07-14T15:45:00.000Z
2026-08-12 23:07:35 | INFO | ======================================================================
2026-08-12 23:07:35 | INFO | API request: 2026-07-13T09:00:00.000Z -> 2026-07-14T15:45:00.000Z (attempt 1/3)
2026-08-12 23:07:36 | INFO | Received 756 candles
2026-08-12 23:07:36 | INFO | First candle: 2026-07-13 09:07:00
2026-08-12 23:07:36 | INFO | Last candle : 2026-07-14 15:31:00
2026-08-12 23:07:36 | INFO | Total candles collected: 3778
2026-08-12 23:07:36 | INFO | Next trading day: 2026-07-15
2026-08-12 23:07:36 | INFO | Waiting 1.0 seconds...
2026-08-12 23:07:37 | INFO | 
2026-08-12 23:07:37 | INFO | ======================================================================
2026-08-12 23:07:37 | INFO | CHUNK #7
2026-08-12 23:07:37 | INFO | Trading days: 2026-07-15 -> 2026-07-16
2026-08-12 23:07:37 | INFO | Request: 2026-07-15T09:00:00.000Z -> 2026-07-16T15:45:00.000Z
2026-08-12 23:07:37 | INFO | ======================================================================
2026-08-12 23:07:37 | INFO | API request: 2026-07-15T09:00:00.000Z -> 2026-07-16T15:45:00.000Z (attempt 1/3)
2026-08-12 23:07:37 | INFO | Received 756 candles
2026-08-12 23:07:37 | INFO | First candle: 2026-07-15 09:07:00
2026-08-12 23:07:37 | INFO | Last candle : 2026-07-16 15:31:00
2026-08-12 23:07:37 | INFO | Total candles collected: 4534
2026-08-12 23:07:37 | INFO | Next trading day: 2026-07-17
2026-08-12 23:07:37 | INFO | Waiting 1.0 seconds...
2026-08-12 23:07:38 | INFO | 
2026-08-12 23:07:38 | INFO | ======================================================================
2026-08-12 23:07:38 | INFO | CHUNK #8
2026-08-12 23:07:38 | INFO | Trading days: 2026-07-17 -> 2026-07-17
2026-08-12 23:07:38 | INFO | Request: 2026-07-17T09:00:00.000Z -> 2026-07-17T15:45:00.000Z
2026-08-12 23:07:38 | INFO | ======================================================================
2026-08-12 23:07:38 | INFO | API request: 2026-07-17T09:00:00.000Z -> 2026-07-17T15:45:00.000Z (attempt 1/3)
2026-08-12 23:07:38 | INFO | Received 378 candles
2026-08-12 23:07:38 | INFO | First candle: 2026-07-17 09:07:00
2026-08-12 23:07:38 | INFO | Last candle : 2026-07-17 15:31:00
2026-08-12 23:07:38 | INFO | Total candles collected: 4912
2026-08-12 23:07:38 | INFO | Next trading day: 2026-07-20
2026-08-12 23:07:38 | INFO | Waiting 1.0 seconds...
2026-08-12 23:07:39 | INFO | 
2026-08-12 23:07:39 | INFO | ======================================================================
2026-08-12 23:07:39 | INFO | CHUNK #9
2026-08-12 23:07:39 | INFO | Trading days: 2026-07-20 -> 2026-07-21
2026-08-12 23:07:39 | INFO | Request: 2026-07-20T09:00:00.000Z -> 2026-07-21T15:45:00.000Z
2026-08-12 23:07:39 | INFO | ======================================================================
2026-08-12 23:07:39 | INFO | API request: 2026-07-20T09:00:00.000Z -> 2026-07-21T15:45:00.000Z (attempt 1/3)
2026-08-12 23:07:39 | INFO | Received 756 candles
2026-08-12 23:07:39 | INFO | First candle: 2026-07-20 09:07:00
2026-08-12 23:07:39 | INFO | Last candle : 2026-07-21 15:31:00
2026-08-12 23:07:39 | INFO | Total candles collected: 5668
2026-08-12 23:07:39 | INFO | Next trading day: 2026-07-22
2026-08-12 23:07:39 | INFO | Waiting 1.0 seconds...
2026-08-12 23:07:40 | INFO | 
2026-08-12 23:07:40 | INFO | ======================================================================
2026-08-12 23:07:40 | INFO | CHUNK #10
2026-08-12 23:07:40 | INFO | Trading days: 2026-07-22 -> 2026-07-23
2026-08-12 23:07:40 | INFO | Request: 2026-07-22T09:00:00.000Z -> 2026-07-23T15:45:00.000Z
2026-08-12 23:07:40 | INFO | ======================================================================
2026-08-12 23:07:40 | INFO | API request: 2026-07-22T09:00:00.000Z -> 2026-07-23T15:45:00.000Z (attempt 1/3)
2026-08-12 23:07:41 | INFO | Received 756 candles
2026-08-12 23:07:41 | INFO | First candle: 2026-07-22 09:07:00
2026-08-12 23:07:41 | INFO | Last candle : 2026-07-23 15:31:00
2026-08-12 23:07:41 | INFO | Total candles collected: 6424
2026-08-12 23:07:41 | INFO | Next trading day: 2026-07-24
2026-08-12 23:07:41 | INFO | Waiting 1.0 seconds...
2026-08-12 23:07:42 | INFO | 
2026-08-12 23:07:42 | INFO | ======================================================================
2026-08-12 23:07:42 | INFO | CHUNK #11
2026-08-12 23:07:42 | INFO | Trading days: 2026-07-24 -> 2026-07-24
2026-08-12 23:07:42 | INFO | Request: 2026-07-24T09:00:00.000Z -> 2026-07-24T15:45:00.000Z
2026-08-12 23:07:42 | INFO | ======================================================================
2026-08-12 23:07:42 | INFO | API request: 2026-07-24T09:00:00.000Z -> 2026-07-24T15:45:00.000Z (attempt 1/3)
2026-08-12 23:07:42 | INFO | Received 378 candles
2026-08-12 23:07:42 | INFO | First candle: 2026-07-24 09:07:00
2026-08-12 23:07:42 | INFO | Last candle : 2026-07-24 15:31:00
2026-08-12 23:07:42 | INFO | Total candles collected: 6802
2026-08-12 23:07:42 | INFO | Next trading day: 2026-07-27
2026-08-12 23:07:42 | INFO | Waiting 1.0 seconds...
2026-08-12 23:07:43 | INFO | 
2026-08-12 23:07:43 | INFO | ======================================================================
2026-08-12 23:07:43 | INFO | CHUNK #12
2026-08-12 23:07:43 | INFO | Trading days: 2026-07-27 -> 2026-07-28
2026-08-12 23:07:43 | INFO | Request: 2026-07-27T09:00:00.000Z -> 2026-07-28T15:45:00.000Z
2026-08-12 23:07:43 | INFO | ======================================================================
2026-08-12 23:07:43 | INFO | API request: 2026-07-27T09:00:00.000Z -> 2026-07-28T15:45:00.000Z (attempt 1/3)
2026-08-12 23:07:43 | INFO | Received 756 candles
2026-08-12 23:07:43 | INFO | First candle: 2026-07-27 09:07:00
2026-08-12 23:07:43 | INFO | Last candle : 2026-07-28 15:31:00
2026-08-12 23:07:43 | INFO | Total candles collected: 7558
2026-08-12 23:07:43 | INFO | Next trading day: 2026-07-29
2026-08-12 23:07:43 | INFO | Waiting 1.0 seconds...
2026-08-12 23:07:44 | INFO | 
2026-08-12 23:07:44 | INFO | ======================================================================
2026-08-12 23:07:44 | INFO | CHUNK #13
2026-08-12 23:07:44 | INFO | Trading days: 2026-07-29 -> 2026-07-30
2026-08-12 23:07:44 | INFO | Request: 2026-07-29T09:00:00.000Z -> 2026-07-30T15:45:00.000Z
2026-08-12 23:07:44 | INFO | ======================================================================
2026-08-12 23:07:44 | INFO | API request: 2026-07-29T09:00:00.000Z -> 2026-07-30T15:45:00.000Z (attempt 1/3)
2026-08-12 23:07:45 | INFO | Received 756 candles
2026-08-12 23:07:45 | INFO | First candle: 2026-07-29 09:07:00
2026-08-12 23:07:45 | INFO | Last candle : 2026-07-30 15:31:00
2026-08-12 23:07:45 | INFO | Total candles collected: 8314
2026-08-12 23:07:45 | INFO | Next trading day: 2026-07-31
2026-08-12 23:07:45 | INFO | Waiting 1.0 seconds...
2026-08-12 23:07:46 | INFO | 
2026-08-12 23:07:46 | INFO | ======================================================================
2026-08-12 23:07:46 | INFO | CHUNK #14
2026-08-12 23:07:46 | INFO | Trading days: 2026-07-31 -> 2026-07-31
2026-08-12 23:07:46 | INFO | Request: 2026-07-31T09:00:00.000Z -> 2026-07-31T15:30:00.000Z
2026-08-12 23:07:46 | INFO | ======================================================================
2026-08-12 23:07:46 | INFO | API request: 2026-07-31T09:00:00.000Z -> 2026-07-31T15:30:00.000Z (attempt 1/3)
2026-08-12 23:07:46 | INFO | Received 377 candles
2026-08-12 23:07:46 | INFO | First candle: 2026-07-31 09:07:00
2026-08-12 23:07:46 | INFO | Last candle : 2026-07-31 15:30:00
2026-08-12 23:07:46 | INFO | Total candles collected: 8691
2026-08-12 23:07:46 | INFO | 
2026-08-12 23:07:46 | INFO | ======================================================================
2026-08-12 23:07:46 | INFO | REMOVING DUPLICATES
2026-08-12 23:07:46 | INFO | ======================================================================
2026-08-12 23:07:46 | INFO | Final unique candle count: 8691
2026-08-12 23:07:46 | INFO | 
2026-08-12 23:07:46 | INFO | ======================================================================
2026-08-12 23:07:46 | INFO | SAVING DATA
2026-08-12 23:07:46 | INFO | ======================================================================
2026-08-12 23:07:46 | INFO | Data saved successfully: relind_1minute.json
2026-08-12 23:07:46 | INFO | Total candles: 8691
2026-08-12 23:07:46 | INFO | Log saved to: logs/RELIND_1minute_20260812_230727.log
2026-08-12 23:07:46 | INFO | ======================================================================
2026-08-12 23:07:46 | INFO | DOWNLOAD COMPLETE
2026-08-12 23:07:46 | INFO | ======================================================================
