2026-08-12 23:31:33 | INFO | ======================================================================
2026-08-12 23:31:33 | INFO | BREEZE HISTORICAL DATA DOWNLOADER
2026-08-12 23:31:33 | INFO | ======================================================================
2026-08-12 23:31:33 | INFO | Stock          : RELIND
2026-08-12 23:31:33 | INFO | Exchange       : NSE
2026-08-12 23:31:33 | INFO | Product        : cash
2026-08-12 23:31:33 | INFO | Interval       : 1minute
2026-08-12 23:31:33 | INFO | From           : 2026-01-01T09:00:00.000Z
2026-08-12 23:31:33 | INFO | To             : 2026-07-31T15:45:00.000Z
2026-08-12 23:31:33 | INFO | Market session : 09:00 -> 15:45
2026-08-12 23:31:33 | INFO | Chunk days     : 2
2026-08-12 23:31:33 | INFO | Request delay  : 1.0s
2026-08-12 23:31:33 | INFO | Max retries    : 3
2026-08-12 23:31:33 | INFO | Data directory : data/raw/breeze\RELIND\1m
2026-08-12 23:31:33 | INFO | Log file       : logs\RELIND_1minute_20260812_233133.log
2026-08-12 23:31:33 | INFO | ======================================================================
2026-08-12 23:31:33 | INFO | Initializing BreezeConnect...
2026-08-12 23:31:33 | INFO | Breeze login URL generated.
2026-08-12 23:31:33 | INFO | Generating Breeze session...
2026-08-12 23:38:04 | INFO | Breeze session generated successfully.
2026-08-12 23:38:04 | INFO | 
2026-08-12 23:38:04 | INFO | ======================================================================
2026-08-12 23:38:04 | INFO | STARTING DOWNLOAD
2026-08-12 23:38:04 | INFO | ======================================================================
2026-08-12 23:38:04 | INFO | 
2026-08-12 23:38:04 | INFO | ======================================================================
2026-08-12 23:38:04 | INFO | CHUNK #1
2026-08-12 23:38:04 | INFO | Trading days: 2026-01-01 -> 2026-01-02
2026-08-12 23:38:04 | INFO | Request: 2026-01-01T09:00:00.000Z -> 2026-01-02T15:45:00.000Z
2026-08-12 23:38:04 | INFO | ======================================================================
2026-08-12 23:38:04 | INFO | API request: 2026-01-01T09:00:00.000Z -> 2026-01-02T15:45:00.000Z (attempt 1/3)
2026-08-12 23:38:05 | INFO | Breeze returned 756 candles.
2026-08-12 23:38:05 | INFO | First candle : 2026-01-01 09:07:00
2026-08-12 23:38:05 | INFO | Last candle  : 2026-01-02 15:31:00
2026-08-12 23:38:05 | INFO | Saved 2026-01-01: 378 candles -> data/raw/breeze\RELIND\1m\2026\01\2026-01-01.json
2026-08-12 23:38:05 | INFO | Saved 2026-01-02: 378 candles -> data/raw/breeze\RELIND\1m\2026\01\2026-01-02.json
2026-08-12 23:38:05 | INFO | Next trading day: 2026-01-05
2026-08-12 23:38:05 | INFO | Waiting 1.0 seconds...
2026-08-12 23:38:06 | INFO | 
2026-08-12 23:38:06 | INFO | ======================================================================
2026-08-12 23:38:06 | INFO | CHUNK #2
2026-08-12 23:38:06 | INFO | Trading days: 2026-01-05 -> 2026-01-06
2026-08-12 23:38:06 | INFO | Request: 2026-01-05T09:00:00.000Z -> 2026-01-06T15:45:00.000Z
2026-08-12 23:38:06 | INFO | ======================================================================
2026-08-12 23:38:06 | INFO | API request: 2026-01-05T09:00:00.000Z -> 2026-01-06T15:45:00.000Z (attempt 1/3)
2026-08-12 23:38:06 | INFO | Breeze returned 756 candles.
2026-08-12 23:38:06 | INFO | First candle : 2026-01-05 09:07:00
2026-08-12 23:38:06 | INFO | Last candle  : 2026-01-06 15:31:00
2026-08-12 23:38:06 | INFO | Saved 2026-01-05: 378 candles -> data/raw/breeze\RELIND\1m\2026\01\2026-01-05.json
2026-08-12 23:38:06 | INFO | Saved 2026-01-06: 378 candles -> data/raw/breeze\RELIND\1m\2026\01\2026-01-06.json
2026-08-12 23:38:06 | INFO | Next trading day: 2026-01-07
2026-08-12 23:38:06 | INFO | Waiting 1.0 seconds...
2026-08-12 23:38:07 | INFO | 
2026-08-12 23:38:07 | INFO | ======================================================================
2026-08-12 23:38:07 | INFO | CHUNK #3
2026-08-12 23:38:07 | INFO | Trading days: 2026-01-07 -> 2026-01-08
2026-08-12 23:38:07 | INFO | Request: 2026-01-07T09:00:00.000Z -> 2026-01-08T15:45:00.000Z
2026-08-12 23:38:07 | INFO | ======================================================================
2026-08-12 23:38:07 | INFO | API request: 2026-01-07T09:00:00.000Z -> 2026-01-08T15:45:00.000Z (attempt 1/3)
2026-08-12 23:38:08 | INFO | Breeze returned 756 candles.
2026-08-12 23:38:08 | INFO | First candle : 2026-01-07 09:07:00
2026-08-12 23:38:08 | INFO | Last candle  : 2026-01-08 15:30:00
2026-08-12 23:38:08 | INFO | Saved 2026-01-07: 379 candles -> data/raw/breeze\RELIND\1m\2026\01\2026-01-07.json
2026-08-12 23:38:08 | INFO | Saved 2026-01-08: 377 candles -> data/raw/breeze\RELIND\1m\2026\01\2026-01-08.json
2026-08-12 23:38:08 | INFO | Next trading day: 2026-01-09
2026-08-12 23:38:08 | INFO | Waiting 1.0 seconds...
2026-08-12 23:38:09 | INFO | 
2026-08-12 23:38:09 | INFO | ======================================================================
2026-08-12 23:38:09 | INFO | CHUNK #4
2026-08-12 23:38:09 | INFO | Trading days: 2026-01-09 -> 2026-01-09
2026-08-12 23:38:09 | INFO | Request: 2026-01-09T09:00:00.000Z -> 2026-01-09T15:45:00.000Z
2026-08-12 23:38:09 | INFO | ======================================================================
2026-08-12 23:38:09 | INFO | API request: 2026-01-09T09:00:00.000Z -> 2026-01-09T15:45:00.000Z (attempt 1/3)
2026-08-12 23:38:10 | INFO | Breeze returned 378 candles.
2026-08-12 23:38:10 | INFO | First candle : 2026-01-09 09:07:00
2026-08-12 23:38:10 | INFO | Last candle  : 2026-01-09 15:31:00
2026-08-12 23:38:10 | INFO | Saved 2026-01-09: 378 candles -> data/raw/breeze\RELIND\1m\2026\01\2026-01-09.json
2026-08-12 23:38:10 | INFO | Next trading day: 2026-01-12
2026-08-12 23:38:10 | INFO | Waiting 1.0 seconds...
2026-08-12 23:38:11 | INFO | 
2026-08-12 23:38:11 | INFO | ======================================================================
2026-08-12 23:38:11 | INFO | CHUNK #5
2026-08-12 23:38:11 | INFO | Trading days: 2026-01-12 -> 2026-01-13
2026-08-12 23:38:11 | INFO | Request: 2026-01-12T09:00:00.000Z -> 2026-01-13T15:45:00.000Z
2026-08-12 23:38:11 | INFO | ======================================================================
2026-08-12 23:38:11 | INFO | API request: 2026-01-12T09:00:00.000Z -> 2026-01-13T15:45:00.000Z (attempt 1/3)
2026-08-12 23:38:12 | INFO | Breeze returned 755 candles.
2026-08-12 23:38:12 | INFO | First candle : 2026-01-12 09:07:00
2026-08-12 23:38:12 | INFO | Last candle  : 2026-01-13 15:31:00
2026-08-12 23:38:12 | INFO | Saved 2026-01-12: 377 candles -> data/raw/breeze\RELIND\1m\2026\01\2026-01-12.json
2026-08-12 23:38:12 | INFO | Saved 2026-01-13: 378 candles -> data/raw/breeze\RELIND\1m\2026\01\2026-01-13.json
2026-08-12 23:38:12 | INFO | Next trading day: 2026-01-14
2026-08-12 23:38:12 | INFO | Waiting 1.0 seconds...
2026-08-12 23:38:13 | INFO | 
2026-08-12 23:38:13 | INFO | ======================================================================
2026-08-12 23:38:13 | INFO | CHUNK #6
2026-08-12 23:38:13 | INFO | Trading days: 2026-01-14 -> 2026-01-15
2026-08-12 23:38:13 | INFO | Request: 2026-01-14T09:00:00.000Z -> 2026-01-15T15:45:00.000Z
2026-08-12 23:38:13 | INFO | ======================================================================
2026-08-12 23:38:13 | INFO | API request: 2026-01-14T09:00:00.000Z -> 2026-01-15T15:45:00.000Z (attempt 1/3)
2026-08-12 23:38:14 | INFO | Breeze returned 378 candles.
2026-08-12 23:38:14 | INFO | First candle : 2026-01-14 09:07:00
2026-08-12 23:38:14 | INFO | Last candle  : 2026-01-14 15:31:00
2026-08-12 23:38:14 | INFO | Saved 2026-01-14: 378 candles -> data/raw/breeze\RELIND\1m\2026\01\2026-01-14.json
2026-08-12 23:38:14 | INFO | Saved 2026-01-15: 0 candles -> data/raw/breeze\RELIND\1m\2026\01\2026-01-15.json
2026-08-12 23:38:14 | INFO | Next trading day: 2026-01-16
2026-08-12 23:38:14 | INFO | Waiting 1.0 seconds...
2026-08-12 23:38:15 | INFO | 
2026-08-12 23:38:15 | INFO | ======================================================================
2026-08-12 23:38:15 | INFO | CHUNK #7
2026-08-12 23:38:15 | INFO | Trading days: 2026-01-16 -> 2026-01-16
2026-08-12 23:38:15 | INFO | Request: 2026-01-16T09:00:00.000Z -> 2026-01-16T15:45:00.000Z
2026-08-12 23:38:15 | INFO | ======================================================================
2026-08-12 23:38:15 | INFO | API request: 2026-01-16T09:00:00.000Z -> 2026-01-16T15:45:00.000Z (attempt 1/3)
2026-08-12 23:38:15 | INFO | Breeze returned 378 candles.
2026-08-12 23:38:15 | INFO | First candle : 2026-01-16 09:07:00
2026-08-12 23:38:15 | INFO | Last candle  : 2026-01-16 15:31:00
2026-08-12 23:38:15 | INFO | Saved 2026-01-16: 378 candles -> data/raw/breeze\RELIND\1m\2026\01\2026-01-16.json
2026-08-12 23:38:15 | INFO | Next trading day: 2026-01-19
2026-08-12 23:38:15 | INFO | Waiting 1.0 seconds...
2026-08-12 23:38:16 | INFO | 
2026-08-12 23:38:16 | INFO | ======================================================================
2026-08-12 23:38:16 | INFO | CHUNK #8
2026-08-12 23:38:16 | INFO | Trading days: 2026-01-19 -> 2026-01-20
2026-08-12 23:38:16 | INFO | Request: 2026-01-19T09:00:00.000Z -> 2026-01-20T15:45:00.000Z
2026-08-12 23:38:16 | INFO | ======================================================================
2026-08-12 23:38:16 | INFO | API request: 2026-01-19T09:00:00.000Z -> 2026-01-20T15:45:00.000Z (attempt 1/3)
2026-08-12 23:38:18 | INFO | Breeze returned 757 candles.
2026-08-12 23:38:18 | INFO | First candle : 2026-01-19 09:07:00
2026-08-12 23:38:18 | INFO | Last candle  : 2026-01-20 15:31:00
2026-08-12 23:38:18 | INFO | Saved 2026-01-19: 379 candles -> data/raw/breeze\RELIND\1m\2026\01\2026-01-19.json
2026-08-12 23:38:18 | INFO | Saved 2026-01-20: 378 candles -> data/raw/breeze\RELIND\1m\2026\01\2026-01-20.json
2026-08-12 23:38:18 | INFO | Next trading day: 2026-01-21
2026-08-12 23:38:18 | INFO | Waiting 1.0 seconds...
2026-08-12 23:38:19 | INFO | 
2026-08-12 23:38:19 | INFO | ======================================================================
2026-08-12 23:38:19 | INFO | CHUNK #9
2026-08-12 23:38:19 | INFO | Trading days: 2026-01-21 -> 2026-01-22
2026-08-12 23:38:19 | INFO | Request: 2026-01-21T09:00:00.000Z -> 2026-01-22T15:45:00.000Z
2026-08-12 23:38:19 | INFO | ======================================================================
2026-08-12 23:38:19 | INFO | API request: 2026-01-21T09:00:00.000Z -> 2026-01-22T15:45:00.000Z (attempt 1/3)
2026-08-12 23:38:19 | INFO | Breeze returned 756 candles.
2026-08-12 23:38:19 | INFO | First candle : 2026-01-21 09:07:00
2026-08-12 23:38:19 | INFO | Last candle  : 2026-01-22 15:31:00
2026-08-12 23:38:19 | INFO | Saved 2026-01-21: 378 candles -> data/raw/breeze\RELIND\1m\2026\01\2026-01-21.json
2026-08-12 23:38:19 | INFO | Saved 2026-01-22: 378 candles -> data/raw/breeze\RELIND\1m\2026\01\2026-01-22.json
2026-08-12 23:38:19 | INFO | Next trading day: 2026-01-23
2026-08-12 23:38:19 | INFO | Waiting 1.0 seconds...
2026-08-12 23:38:20 | INFO | 
2026-08-12 23:38:20 | INFO | ======================================================================
2026-08-12 23:38:20 | INFO | CHUNK #10
2026-08-12 23:38:20 | INFO | Trading days: 2026-01-23 -> 2026-01-23
2026-08-12 23:38:20 | INFO | Request: 2026-01-23T09:00:00.000Z -> 2026-01-23T15:45:00.000Z
2026-08-12 23:38:20 | INFO | ======================================================================
2026-08-12 23:38:20 | INFO | API request: 2026-01-23T09:00:00.000Z -> 2026-01-23T15:45:00.000Z (attempt 1/3)
2026-08-12 23:38:21 | INFO | Breeze returned 378 candles.
2026-08-12 23:38:21 | INFO | First candle : 2026-01-23 09:07:00
2026-08-12 23:38:21 | INFO | Last candle  : 2026-01-23 15:31:00
2026-08-12 23:38:21 | INFO | Saved 2026-01-23: 378 candles -> data/raw/breeze\RELIND\1m\2026\01\2026-01-23.json
2026-08-12 23:38:21 | INFO | Next trading day: 2026-01-26
2026-08-12 23:38:21 | INFO | Waiting 1.0 seconds...
2026-08-12 23:38:22 | INFO | 
2026-08-12 23:38:22 | INFO | ======================================================================
2026-08-12 23:38:22 | INFO | CHUNK #11
2026-08-12 23:38:22 | INFO | Trading days: 2026-01-26 -> 2026-01-27
2026-08-12 23:38:22 | INFO | Request: 2026-01-26T09:00:00.000Z -> 2026-01-27T15:45:00.000Z
2026-08-12 23:38:22 | INFO | ======================================================================
2026-08-12 23:38:22 | INFO | API request: 2026-01-26T09:00:00.000Z -> 2026-01-27T15:45:00.000Z (attempt 1/3)
2026-08-12 23:38:22 | INFO | Breeze returned 378 candles.
2026-08-12 23:38:22 | INFO | First candle : 2026-01-27 09:07:00
2026-08-12 23:38:22 | INFO | Last candle  : 2026-01-27 15:31:00
2026-08-12 23:38:22 | INFO | Saved 2026-01-26: 0 candles -> data/raw/breeze\RELIND\1m\2026\01\2026-01-26.json
2026-08-12 23:38:22 | INFO | Saved 2026-01-27: 378 candles -> data/raw/breeze\RELIND\1m\2026\01\2026-01-27.json
2026-08-12 23:38:22 | INFO | Next trading day: 2026-01-28
2026-08-12 23:38:22 | INFO | Waiting 1.0 seconds...
2026-08-12 23:38:23 | INFO | 
2026-08-12 23:38:23 | INFO | ======================================================================
2026-08-12 23:38:23 | INFO | CHUNK #12
2026-08-12 23:38:23 | INFO | Trading days: 2026-01-28 -> 2026-01-29
2026-08-12 23:38:23 | INFO | Request: 2026-01-28T09:00:00.000Z -> 2026-01-29T15:45:00.000Z
2026-08-12 23:38:23 | INFO | ======================================================================
2026-08-12 23:38:23 | INFO | API request: 2026-01-28T09:00:00.000Z -> 2026-01-29T15:45:00.000Z (attempt 1/3)
2026-08-12 23:38:23 | INFO | Breeze returned 756 candles.
2026-08-12 23:38:23 | INFO | First candle : 2026-01-28 09:07:00
2026-08-12 23:38:23 | INFO | Last candle  : 2026-01-29 15:31:00
2026-08-12 23:38:23 | INFO | Saved 2026-01-28: 378 candles -> data/raw/breeze\RELIND\1m\2026\01\2026-01-28.json
2026-08-12 23:38:23 | INFO | Saved 2026-01-29: 378 candles -> data/raw/breeze\RELIND\1m\2026\01\2026-01-29.json
2026-08-12 23:38:23 | INFO | Next trading day: 2026-01-30
2026-08-12 23:38:23 | INFO | Waiting 1.0 seconds...
2026-08-12 23:38:24 | INFO | 
2026-08-12 23:38:24 | INFO | ======================================================================
2026-08-12 23:38:24 | INFO | CHUNK #13
2026-08-12 23:38:24 | INFO | Trading days: 2026-01-30 -> 2026-01-30
2026-08-12 23:38:24 | INFO | Request: 2026-01-30T09:00:00.000Z -> 2026-01-30T15:45:00.000Z
2026-08-12 23:38:24 | INFO | ======================================================================
2026-08-12 23:38:24 | INFO | API request: 2026-01-30T09:00:00.000Z -> 2026-01-30T15:45:00.000Z (attempt 1/3)
2026-08-12 23:38:25 | INFO | Breeze returned 378 candles.
2026-08-12 23:38:25 | INFO | First candle : 2026-01-30 09:07:00
2026-08-12 23:38:25 | INFO | Last candle  : 2026-01-30 15:31:00
2026-08-12 23:38:25 | INFO | Saved 2026-01-30: 378 candles -> data/raw/breeze\RELIND\1m\2026\01\2026-01-30.json
2026-08-12 23:38:25 | INFO | Next trading day: 2026-02-02
2026-08-12 23:38:25 | INFO | Waiting 1.0 seconds...
2026-08-12 23:38:26 | INFO | 
2026-08-12 23:38:26 | INFO | ======================================================================
2026-08-12 23:38:26 | INFO | CHUNK #14
2026-08-12 23:38:26 | INFO | Trading days: 2026-02-02 -> 2026-02-03
2026-08-12 23:38:26 | INFO | Request: 2026-02-02T09:00:00.000Z -> 2026-02-03T15:45:00.000Z
2026-08-12 23:38:26 | INFO | ======================================================================
2026-08-12 23:38:26 | INFO | API request: 2026-02-02T09:00:00.000Z -> 2026-02-03T15:45:00.000Z (attempt 1/3)
2026-08-12 23:38:26 | INFO | Breeze returned 757 candles.
2026-08-12 23:38:26 | INFO | First candle : 2026-02-02 09:07:00
2026-08-12 23:38:26 | INFO | Last candle  : 2026-02-03 15:36:00
2026-08-12 23:38:26 | INFO | Saved 2026-02-02: 378 candles -> data/raw/breeze\RELIND\1m\2026\02\2026-02-02.json
2026-08-12 23:38:26 | INFO | Saved 2026-02-03: 379 candles -> data/raw/breeze\RELIND\1m\2026\02\2026-02-03.json
2026-08-12 23:38:26 | INFO | Next trading day: 2026-02-04
2026-08-12 23:38:26 | INFO | Waiting 1.0 seconds...
2026-08-12 23:38:27 | INFO | 
2026-08-12 23:38:27 | INFO | ======================================================================
2026-08-12 23:38:27 | INFO | CHUNK #15
2026-08-12 23:38:27 | INFO | Trading days: 2026-02-04 -> 2026-02-05
2026-08-12 23:38:27 | INFO | Request: 2026-02-04T09:00:00.000Z -> 2026-02-05T15:45:00.000Z
2026-08-12 23:38:27 | INFO | ======================================================================
2026-08-12 23:38:27 | INFO | API request: 2026-02-04T09:00:00.000Z -> 2026-02-05T15:45:00.000Z (attempt 1/3)
2026-08-12 23:38:27 | INFO | Breeze returned 757 candles.
2026-08-12 23:38:27 | INFO | First candle : 2026-02-04 09:07:00
2026-08-12 23:38:27 | INFO | Last candle  : 2026-02-05 15:39:00
2026-08-12 23:38:27 | INFO | Saved 2026-02-04: 378 candles -> data/raw/breeze\RELIND\1m\2026\02\2026-02-04.json
2026-08-12 23:38:27 | INFO | Saved 2026-02-05: 379 candles -> data/raw/breeze\RELIND\1m\2026\02\2026-02-05.json
2026-08-12 23:38:27 | INFO | Next trading day: 2026-02-06
2026-08-12 23:38:27 | INFO | Waiting 1.0 seconds...
2026-08-12 23:38:28 | INFO | 
2026-08-12 23:38:28 | INFO | ======================================================================
2026-08-12 23:38:28 | INFO | CHUNK #16
2026-08-12 23:38:28 | INFO | Trading days: 2026-02-06 -> 2026-02-06
2026-08-12 23:38:28 | INFO | Request: 2026-02-06T09:00:00.000Z -> 2026-02-06T15:45:00.000Z
2026-08-12 23:38:28 | INFO | ======================================================================
2026-08-12 23:38:28 | INFO | API request: 2026-02-06T09:00:00.000Z -> 2026-02-06T15:45:00.000Z (attempt 1/3)
2026-08-12 23:38:29 | INFO | Breeze returned 378 candles.
2026-08-12 23:38:29 | INFO | First candle : 2026-02-06 09:07:00
2026-08-12 23:38:29 | INFO | Last candle  : 2026-02-06 15:31:00
2026-08-12 23:38:29 | INFO | Saved 2026-02-06: 378 candles -> data/raw/breeze\RELIND\1m\2026\02\2026-02-06.json
2026-08-12 23:38:29 | INFO | Next trading day: 2026-02-09
2026-08-12 23:38:29 | INFO | Waiting 1.0 seconds...
2026-08-12 23:38:30 | INFO | 
2026-08-12 23:38:30 | INFO | ======================================================================
2026-08-12 23:38:30 | INFO | CHUNK #17
2026-08-12 23:38:30 | INFO | Trading days: 2026-02-09 -> 2026-02-10
2026-08-12 23:38:30 | INFO | Request: 2026-02-09T09:00:00.000Z -> 2026-02-10T15:45:00.000Z
2026-08-12 23:38:30 | INFO | ======================================================================
2026-08-12 23:38:30 | INFO | API request: 2026-02-09T09:00:00.000Z -> 2026-02-10T15:45:00.000Z (attempt 1/3)
2026-08-12 23:38:32 | INFO | Breeze returned 755 candles.
2026-08-12 23:38:32 | INFO | First candle : 2026-02-09 09:07:00
2026-08-12 23:38:32 | INFO | Last candle  : 2026-02-10 15:31:00
2026-08-12 23:38:32 | INFO | Saved 2026-02-09: 377 candles -> data/raw/breeze\RELIND\1m\2026\02\2026-02-09.json
2026-08-12 23:38:32 | INFO | Saved 2026-02-10: 378 candles -> data/raw/breeze\RELIND\1m\2026\02\2026-02-10.json
2026-08-12 23:38:32 | INFO | Next trading day: 2026-02-11
2026-08-12 23:38:32 | INFO | Waiting 1.0 seconds...
2026-08-12 23:38:33 | INFO | 
2026-08-12 23:38:33 | INFO | ======================================================================
2026-08-12 23:38:33 | INFO | CHUNK #18
2026-08-12 23:38:33 | INFO | Trading days: 2026-02-11 -> 2026-02-12
2026-08-12 23:38:33 | INFO | Request: 2026-02-11T09:00:00.000Z -> 2026-02-12T15:45:00.000Z
2026-08-12 23:38:33 | INFO | ======================================================================
2026-08-12 23:38:33 | INFO | API request: 2026-02-11T09:00:00.000Z -> 2026-02-12T15:45:00.000Z (attempt 1/3)
2026-08-12 23:38:34 | INFO | Breeze returned 756 candles.
2026-08-12 23:38:34 | INFO | First candle : 2026-02-11 09:07:00
2026-08-12 23:38:34 | INFO | Last candle  : 2026-02-12 15:31:00
2026-08-12 23:38:34 | INFO | Saved 2026-02-11: 378 candles -> data/raw/breeze\RELIND\1m\2026\02\2026-02-11.json
2026-08-12 23:38:34 | INFO | Saved 2026-02-12: 378 candles -> data/raw/breeze\RELIND\1m\2026\02\2026-02-12.json
2026-08-12 23:38:34 | INFO | Next trading day: 2026-02-13
2026-08-12 23:38:34 | INFO | Waiting 1.0 seconds...
2026-08-12 23:38:35 | INFO | 
2026-08-12 23:38:35 | INFO | ======================================================================
2026-08-12 23:38:35 | INFO | CHUNK #19
2026-08-12 23:38:35 | INFO | Trading days: 2026-02-13 -> 2026-02-13
2026-08-12 23:38:35 | INFO | Request: 2026-02-13T09:00:00.000Z -> 2026-02-13T15:45:00.000Z
2026-08-12 23:38:35 | INFO | ======================================================================
2026-08-12 23:38:35 | INFO | API request: 2026-02-13T09:00:00.000Z -> 2026-02-13T15:45:00.000Z (attempt 1/3)
2026-08-12 23:38:36 | INFO | Breeze returned 378 candles.
2026-08-12 23:38:36 | INFO | First candle : 2026-02-13 09:07:00
2026-08-12 23:38:36 | INFO | Last candle  : 2026-02-13 15:31:00
2026-08-12 23:38:36 | INFO | Saved 2026-02-13: 378 candles -> data/raw/breeze\RELIND\1m\2026\02\2026-02-13.json
2026-08-12 23:38:36 | INFO | Next trading day: 2026-02-16
2026-08-12 23:38:36 | INFO | Waiting 1.0 seconds...
2026-08-12 23:38:37 | INFO | 
2026-08-12 23:38:37 | INFO | ======================================================================
2026-08-12 23:38:37 | INFO | CHUNK #20
2026-08-12 23:38:37 | INFO | Trading days: 2026-02-16 -> 2026-02-17
2026-08-12 23:38:37 | INFO | Request: 2026-02-16T09:00:00.000Z -> 2026-02-17T15:45:00.000Z
2026-08-12 23:38:37 | INFO | ======================================================================
2026-08-12 23:38:37 | INFO | API request: 2026-02-16T09:00:00.000Z -> 2026-02-17T15:45:00.000Z (attempt 1/3)
2026-08-12 23:38:38 | INFO | Breeze returned 756 candles.
2026-08-12 23:38:38 | INFO | First candle : 2026-02-16 09:07:00
2026-08-12 23:38:38 | INFO | Last candle  : 2026-02-17 15:31:00
2026-08-12 23:38:38 | INFO | Saved 2026-02-16: 378 candles -> data/raw/breeze\RELIND\1m\2026\02\2026-02-16.json
2026-08-12 23:38:38 | INFO | Saved 2026-02-17: 378 candles -> data/raw/breeze\RELIND\1m\2026\02\2026-02-17.json
2026-08-12 23:38:38 | INFO | Next trading day: 2026-02-18
2026-08-12 23:38:38 | INFO | Waiting 1.0 seconds...
2026-08-12 23:38:39 | INFO | 
2026-08-12 23:38:39 | INFO | ======================================================================
2026-08-12 23:38:39 | INFO | CHUNK #21
2026-08-12 23:38:39 | INFO | Trading days: 2026-02-18 -> 2026-02-19
2026-08-12 23:38:39 | INFO | Request: 2026-02-18T09:00:00.000Z -> 2026-02-19T15:45:00.000Z
2026-08-12 23:38:39 | INFO | ======================================================================
2026-08-12 23:38:39 | INFO | API request: 2026-02-18T09:00:00.000Z -> 2026-02-19T15:45:00.000Z (attempt 1/3)
2026-08-12 23:38:40 | INFO | Breeze returned 756 candles.
2026-08-12 23:38:40 | INFO | First candle : 2026-02-18 09:07:00
2026-08-12 23:38:40 | INFO | Last candle  : 2026-02-19 15:31:00
2026-08-12 23:38:40 | INFO | Saved 2026-02-18: 378 candles -> data/raw/breeze\RELIND\1m\2026\02\2026-02-18.json
2026-08-12 23:38:40 | INFO | Saved 2026-02-19: 378 candles -> data/raw/breeze\RELIND\1m\2026\02\2026-02-19.json
2026-08-12 23:38:40 | INFO | Next trading day: 2026-02-20
2026-08-12 23:38:40 | INFO | Waiting 1.0 seconds...
2026-08-12 23:38:41 | INFO | 
2026-08-12 23:38:41 | INFO | ======================================================================
2026-08-12 23:38:41 | INFO | CHUNK #22
2026-08-12 23:38:41 | INFO | Trading days: 2026-02-20 -> 2026-02-20
2026-08-12 23:38:41 | INFO | Request: 2026-02-20T09:00:00.000Z -> 2026-02-20T15:45:00.000Z
2026-08-12 23:38:41 | INFO | ======================================================================
2026-08-12 23:38:41 | INFO | API request: 2026-02-20T09:00:00.000Z -> 2026-02-20T15:45:00.000Z (attempt 1/3)
2026-08-12 23:38:42 | INFO | Breeze returned 378 candles.
2026-08-12 23:38:42 | INFO | First candle : 2026-02-20 09:07:00
2026-08-12 23:38:42 | INFO | Last candle  : 2026-02-20 15:31:00
2026-08-12 23:38:42 | INFO | Saved 2026-02-20: 378 candles -> data/raw/breeze\RELIND\1m\2026\02\2026-02-20.json
2026-08-12 23:38:42 | INFO | Next trading day: 2026-02-23
2026-08-12 23:38:42 | INFO | Waiting 1.0 seconds...
2026-08-12 23:38:43 | INFO | 
2026-08-12 23:38:43 | INFO | ======================================================================
2026-08-12 23:38:43 | INFO | CHUNK #23
2026-08-12 23:38:43 | INFO | Trading days: 2026-02-23 -> 2026-02-24
2026-08-12 23:38:43 | INFO | Request: 2026-02-23T09:00:00.000Z -> 2026-02-24T15:45:00.000Z
2026-08-12 23:38:43 | INFO | ======================================================================
2026-08-12 23:38:43 | INFO | API request: 2026-02-23T09:00:00.000Z -> 2026-02-24T15:45:00.000Z (attempt 1/3)
2026-08-12 23:38:44 | INFO | Breeze returned 756 candles.
2026-08-12 23:38:44 | INFO | First candle : 2026-02-23 09:07:00
2026-08-12 23:38:44 | INFO | Last candle  : 2026-02-24 15:31:00
2026-08-12 23:38:44 | INFO | Saved 2026-02-23: 378 candles -> data/raw/breeze\RELIND\1m\2026\02\2026-02-23.json
2026-08-12 23:38:44 | INFO | Saved 2026-02-24: 378 candles -> data/raw/breeze\RELIND\1m\2026\02\2026-02-24.json
2026-08-12 23:38:44 | INFO | Next trading day: 2026-02-25
2026-08-12 23:38:44 | INFO | Waiting 1.0 seconds...
2026-08-12 23:38:45 | INFO | 
2026-08-12 23:38:45 | INFO | ======================================================================
2026-08-12 23:38:45 | INFO | CHUNK #24
2026-08-12 23:38:45 | INFO | Trading days: 2026-02-25 -> 2026-02-26
2026-08-12 23:38:45 | INFO | Request: 2026-02-25T09:00:00.000Z -> 2026-02-26T15:45:00.000Z
2026-08-12 23:38:45 | INFO | ======================================================================
2026-08-12 23:38:45 | INFO | API request: 2026-02-25T09:00:00.000Z -> 2026-02-26T15:45:00.000Z (attempt 1/3)
2026-08-12 23:38:46 | INFO | Breeze returned 756 candles.
2026-08-12 23:38:46 | INFO | First candle : 2026-02-25 09:07:00
2026-08-12 23:38:46 | INFO | Last candle  : 2026-02-26 15:31:00
2026-08-12 23:38:46 | INFO | Saved 2026-02-25: 378 candles -> data/raw/breeze\RELIND\1m\2026\02\2026-02-25.json
2026-08-12 23:38:46 | INFO | Saved 2026-02-26: 378 candles -> data/raw/breeze\RELIND\1m\2026\02\2026-02-26.json
2026-08-12 23:38:46 | INFO | Next trading day: 2026-02-27
2026-08-12 23:38:46 | INFO | Waiting 1.0 seconds...
2026-08-12 23:38:47 | INFO | 
2026-08-12 23:38:47 | INFO | ======================================================================
2026-08-12 23:38:47 | INFO | CHUNK #25
2026-08-12 23:38:47 | INFO | Trading days: 2026-02-27 -> 2026-02-27
2026-08-12 23:38:47 | INFO | Request: 2026-02-27T09:00:00.000Z -> 2026-02-27T15:45:00.000Z
2026-08-12 23:38:47 | INFO | ======================================================================
2026-08-12 23:38:47 | INFO | API request: 2026-02-27T09:00:00.000Z -> 2026-02-27T15:45:00.000Z (attempt 1/3)
2026-08-12 23:38:47 | INFO | Breeze returned 378 candles.
2026-08-12 23:38:47 | INFO | First candle : 2026-02-27 09:07:00
2026-08-12 23:38:47 | INFO | Last candle  : 2026-02-27 15:31:00
2026-08-12 23:38:47 | INFO | Saved 2026-02-27: 378 candles -> data/raw/breeze\RELIND\1m\2026\02\2026-02-27.json
2026-08-12 23:38:47 | INFO | Next trading day: 2026-03-02
2026-08-12 23:38:47 | INFO | Waiting 1.0 seconds...
2026-08-12 23:38:48 | INFO | 
2026-08-12 23:38:48 | INFO | ======================================================================
2026-08-12 23:38:48 | INFO | CHUNK #26
2026-08-12 23:38:48 | INFO | Trading days: 2026-03-02 -> 2026-03-03
2026-08-12 23:38:48 | INFO | Request: 2026-03-02T09:00:00.000Z -> 2026-03-03T15:45:00.000Z
2026-08-12 23:38:48 | INFO | ======================================================================
2026-08-12 23:38:48 | INFO | API request: 2026-03-02T09:00:00.000Z -> 2026-03-03T15:45:00.000Z (attempt 1/3)
2026-08-12 23:38:49 | INFO | Breeze returned 378 candles.
2026-08-12 23:38:49 | INFO | First candle : 2026-03-02 09:07:00
2026-08-12 23:38:49 | INFO | Last candle  : 2026-03-02 15:31:00
2026-08-12 23:38:49 | INFO | Saved 2026-03-02: 378 candles -> data/raw/breeze\RELIND\1m\2026\03\2026-03-02.json
2026-08-12 23:38:49 | INFO | Saved 2026-03-03: 0 candles -> data/raw/breeze\RELIND\1m\2026\03\2026-03-03.json
2026-08-12 23:38:49 | INFO | Next trading day: 2026-03-04
2026-08-12 23:38:49 | INFO | Waiting 1.0 seconds...
2026-08-12 23:38:50 | INFO | 
2026-08-12 23:38:50 | INFO | ======================================================================
2026-08-12 23:38:50 | INFO | CHUNK #27
2026-08-12 23:38:50 | INFO | Trading days: 2026-03-04 -> 2026-03-05
2026-08-12 23:38:50 | INFO | Request: 2026-03-04T09:00:00.000Z -> 2026-03-05T15:45:00.000Z
2026-08-12 23:38:50 | INFO | ======================================================================
2026-08-12 23:38:50 | INFO | API request: 2026-03-04T09:00:00.000Z -> 2026-03-05T15:45:00.000Z (attempt 1/3)
2026-08-12 23:38:50 | INFO | Breeze returned 756 candles.
2026-08-12 23:38:50 | INFO | First candle : 2026-03-04 09:07:00
2026-08-12 23:38:50 | INFO | Last candle  : 2026-03-05 15:31:00
2026-08-12 23:38:50 | INFO | Saved 2026-03-04: 378 candles -> data/raw/breeze\RELIND\1m\2026\03\2026-03-04.json
2026-08-12 23:38:50 | INFO | Saved 2026-03-05: 378 candles -> data/raw/breeze\RELIND\1m\2026\03\2026-03-05.json
2026-08-12 23:38:50 | INFO | Next trading day: 2026-03-06
2026-08-12 23:38:50 | INFO | Waiting 1.0 seconds...
2026-08-12 23:38:51 | INFO | 
2026-08-12 23:38:51 | INFO | ======================================================================
2026-08-12 23:38:51 | INFO | CHUNK #28
2026-08-12 23:38:51 | INFO | Trading days: 2026-03-06 -> 2026-03-06
2026-08-12 23:38:51 | INFO | Request: 2026-03-06T09:00:00.000Z -> 2026-03-06T15:45:00.000Z
2026-08-12 23:38:51 | INFO | ======================================================================
2026-08-12 23:38:51 | INFO | API request: 2026-03-06T09:00:00.000Z -> 2026-03-06T15:45:00.000Z (attempt 1/3)
2026-08-12 23:38:51 | INFO | Breeze returned 378 candles.
2026-08-12 23:38:51 | INFO | First candle : 2026-03-06 09:07:00
2026-08-12 23:38:51 | INFO | Last candle  : 2026-03-06 15:31:00
2026-08-12 23:38:51 | INFO | Saved 2026-03-06: 378 candles -> data/raw/breeze\RELIND\1m\2026\03\2026-03-06.json
2026-08-12 23:38:51 | INFO | Next trading day: 2026-03-09
2026-08-12 23:38:51 | INFO | Waiting 1.0 seconds...
2026-08-12 23:38:52 | INFO | 
2026-08-12 23:38:52 | INFO | ======================================================================
2026-08-12 23:38:52 | INFO | CHUNK #29
2026-08-12 23:38:52 | INFO | Trading days: 2026-03-09 -> 2026-03-10
2026-08-12 23:38:52 | INFO | Request: 2026-03-09T09:00:00.000Z -> 2026-03-10T15:45:00.000Z
2026-08-12 23:38:52 | INFO | ======================================================================
2026-08-12 23:38:52 | INFO | API request: 2026-03-09T09:00:00.000Z -> 2026-03-10T15:45:00.000Z (attempt 1/3)
2026-08-12 23:38:54 | INFO | Breeze returned 756 candles.
2026-08-12 23:38:54 | INFO | First candle : 2026-03-09 09:07:00
2026-08-12 23:38:54 | INFO | Last candle  : 2026-03-10 15:31:00
2026-08-12 23:38:54 | INFO | Saved 2026-03-09: 378 candles -> data/raw/breeze\RELIND\1m\2026\03\2026-03-09.json
2026-08-12 23:38:54 | INFO | Saved 2026-03-10: 378 candles -> data/raw/breeze\RELIND\1m\2026\03\2026-03-10.json
2026-08-12 23:38:54 | INFO | Next trading day: 2026-03-11
2026-08-12 23:38:54 | INFO | Waiting 1.0 seconds...
2026-08-12 23:38:55 | INFO | 
2026-08-12 23:38:55 | INFO | ======================================================================
2026-08-12 23:38:55 | INFO | CHUNK #30
2026-08-12 23:38:55 | INFO | Trading days: 2026-03-11 -> 2026-03-12
2026-08-12 23:38:55 | INFO | Request: 2026-03-11T09:00:00.000Z -> 2026-03-12T15:45:00.000Z
2026-08-12 23:38:55 | INFO | ======================================================================
2026-08-12 23:38:55 | INFO | API request: 2026-03-11T09:00:00.000Z -> 2026-03-12T15:45:00.000Z (attempt 1/3)
2026-08-12 23:38:55 | INFO | Breeze returned 755 candles.
2026-08-12 23:38:55 | INFO | First candle : 2026-03-11 09:07:00
2026-08-12 23:38:55 | INFO | Last candle  : 2026-03-12 15:31:00
2026-08-12 23:38:55 | INFO | Saved 2026-03-11: 377 candles -> data/raw/breeze\RELIND\1m\2026\03\2026-03-11.json
2026-08-12 23:38:55 | INFO | Saved 2026-03-12: 378 candles -> data/raw/breeze\RELIND\1m\2026\03\2026-03-12.json
2026-08-12 23:38:55 | INFO | Next trading day: 2026-03-13
2026-08-12 23:38:55 | INFO | Waiting 1.0 seconds...
2026-08-12 23:38:56 | INFO | 
2026-08-12 23:38:56 | INFO | ======================================================================
2026-08-12 23:38:56 | INFO | CHUNK #31
2026-08-12 23:38:56 | INFO | Trading days: 2026-03-13 -> 2026-03-13
2026-08-12 23:38:56 | INFO | Request: 2026-03-13T09:00:00.000Z -> 2026-03-13T15:45:00.000Z
2026-08-12 23:38:56 | INFO | ======================================================================
2026-08-12 23:38:56 | INFO | API request: 2026-03-13T09:00:00.000Z -> 2026-03-13T15:45:00.000Z (attempt 1/3)
2026-08-12 23:38:57 | INFO | Breeze returned 378 candles.
2026-08-12 23:38:57 | INFO | First candle : 2026-03-13 09:07:00
2026-08-12 23:38:57 | INFO | Last candle  : 2026-03-13 15:31:00
2026-08-12 23:38:57 | INFO | Saved 2026-03-13: 378 candles -> data/raw/breeze\RELIND\1m\2026\03\2026-03-13.json
2026-08-12 23:38:57 | INFO | Next trading day: 2026-03-16
2026-08-12 23:38:57 | INFO | Waiting 1.0 seconds...
2026-08-12 23:38:58 | INFO | 
2026-08-12 23:38:58 | INFO | ======================================================================
2026-08-12 23:38:58 | INFO | CHUNK #32
2026-08-12 23:38:58 | INFO | Trading days: 2026-03-16 -> 2026-03-17
2026-08-12 23:38:58 | INFO | Request: 2026-03-16T09:00:00.000Z -> 2026-03-17T15:45:00.000Z
2026-08-12 23:38:58 | INFO | ======================================================================
2026-08-12 23:38:58 | INFO | API request: 2026-03-16T09:00:00.000Z -> 2026-03-17T15:45:00.000Z (attempt 1/3)
2026-08-12 23:38:58 | INFO | Breeze returned 755 candles.
2026-08-12 23:38:58 | INFO | First candle : 2026-03-16 09:07:00
2026-08-12 23:38:58 | INFO | Last candle  : 2026-03-17 15:30:00
2026-08-12 23:38:58 | INFO | Saved 2026-03-16: 378 candles -> data/raw/breeze\RELIND\1m\2026\03\2026-03-16.json
2026-08-12 23:38:59 | INFO | Saved 2026-03-17: 377 candles -> data/raw/breeze\RELIND\1m\2026\03\2026-03-17.json
2026-08-12 23:38:59 | INFO | Next trading day: 2026-03-18
2026-08-12 23:38:59 | INFO | Waiting 1.0 seconds...
2026-08-12 23:39:00 | INFO | 
2026-08-12 23:39:00 | INFO | ======================================================================
2026-08-12 23:39:00 | INFO | CHUNK #33
2026-08-12 23:39:00 | INFO | Trading days: 2026-03-18 -> 2026-03-19
2026-08-12 23:39:00 | INFO | Request: 2026-03-18T09:00:00.000Z -> 2026-03-19T15:45:00.000Z
2026-08-12 23:39:00 | INFO | ======================================================================
2026-08-12 23:39:00 | INFO | API request: 2026-03-18T09:00:00.000Z -> 2026-03-19T15:45:00.000Z (attempt 1/3)
2026-08-12 23:39:01 | INFO | Breeze returned 755 candles.
2026-08-12 23:39:01 | INFO | First candle : 2026-03-18 09:07:00
2026-08-12 23:39:01 | INFO | Last candle  : 2026-03-19 15:31:00
2026-08-12 23:39:01 | INFO | Saved 2026-03-18: 377 candles -> data/raw/breeze\RELIND\1m\2026\03\2026-03-18.json
2026-08-12 23:39:01 | INFO | Saved 2026-03-19: 378 candles -> data/raw/breeze\RELIND\1m\2026\03\2026-03-19.json
2026-08-12 23:39:01 | INFO | Next trading day: 2026-03-20
2026-08-12 23:39:01 | INFO | Waiting 1.0 seconds...
2026-08-12 23:39:02 | INFO | 
2026-08-12 23:39:02 | INFO | ======================================================================
2026-08-12 23:39:02 | INFO | CHUNK #34
2026-08-12 23:39:02 | INFO | Trading days: 2026-03-20 -> 2026-03-20
2026-08-12 23:39:02 | INFO | Request: 2026-03-20T09:00:00.000Z -> 2026-03-20T15:45:00.000Z
2026-08-12 23:39:02 | INFO | ======================================================================
2026-08-12 23:39:02 | INFO | API request: 2026-03-20T09:00:00.000Z -> 2026-03-20T15:45:00.000Z (attempt 1/3)
2026-08-12 23:39:03 | INFO | Breeze returned 379 candles.
2026-08-12 23:39:03 | INFO | First candle : 2026-03-20 09:07:00
2026-08-12 23:39:03 | INFO | Last candle  : 2026-03-20 15:38:00
2026-08-12 23:39:03 | INFO | Saved 2026-03-20: 379 candles -> data/raw/breeze\RELIND\1m\2026\03\2026-03-20.json
2026-08-12 23:39:03 | INFO | Next trading day: 2026-03-23
2026-08-12 23:39:03 | INFO | Waiting 1.0 seconds...
2026-08-12 23:39:04 | INFO | 
2026-08-12 23:39:04 | INFO | ======================================================================
2026-08-12 23:39:04 | INFO | CHUNK #35
2026-08-12 23:39:04 | INFO | Trading days: 2026-03-23 -> 2026-03-24
2026-08-12 23:39:04 | INFO | Request: 2026-03-23T09:00:00.000Z -> 2026-03-24T15:45:00.000Z
2026-08-12 23:39:04 | INFO | ======================================================================
2026-08-12 23:39:04 | INFO | API request: 2026-03-23T09:00:00.000Z -> 2026-03-24T15:45:00.000Z (attempt 1/3)
2026-08-12 23:39:05 | INFO | Breeze returned 757 candles.
2026-08-12 23:39:05 | INFO | First candle : 2026-03-23 09:07:00
2026-08-12 23:39:05 | INFO | Last candle  : 2026-03-24 15:38:00
2026-08-12 23:39:05 | INFO | Saved 2026-03-23: 378 candles -> data/raw/breeze\RELIND\1m\2026\03\2026-03-23.json
2026-08-12 23:39:05 | INFO | Saved 2026-03-24: 379 candles -> data/raw/breeze\RELIND\1m\2026\03\2026-03-24.json
2026-08-12 23:39:05 | INFO | Next trading day: 2026-03-25
2026-08-12 23:39:05 | INFO | Waiting 1.0 seconds...
2026-08-12 23:39:06 | INFO | 
2026-08-12 23:39:06 | INFO | ======================================================================
2026-08-12 23:39:06 | INFO | CHUNK #36
2026-08-12 23:39:06 | INFO | Trading days: 2026-03-25 -> 2026-03-26
2026-08-12 23:39:06 | INFO | Request: 2026-03-25T09:00:00.000Z -> 2026-03-26T15:45:00.000Z
2026-08-12 23:39:06 | INFO | ======================================================================
2026-08-12 23:39:06 | INFO | API request: 2026-03-25T09:00:00.000Z -> 2026-03-26T15:45:00.000Z (attempt 1/3)
2026-08-12 23:39:07 | INFO | Breeze returned 378 candles.
2026-08-12 23:39:07 | INFO | First candle : 2026-03-25 09:07:00
2026-08-12 23:39:07 | INFO | Last candle  : 2026-03-25 15:31:00
2026-08-12 23:39:07 | INFO | Saved 2026-03-25: 378 candles -> data/raw/breeze\RELIND\1m\2026\03\2026-03-25.json
2026-08-12 23:39:07 | INFO | Saved 2026-03-26: 0 candles -> data/raw/breeze\RELIND\1m\2026\03\2026-03-26.json
2026-08-12 23:39:07 | INFO | Next trading day: 2026-03-27
2026-08-12 23:39:07 | INFO | Waiting 1.0 seconds...
2026-08-12 23:39:08 | INFO | 
2026-08-12 23:39:08 | INFO | ======================================================================
2026-08-12 23:39:08 | INFO | CHUNK #37
2026-08-12 23:39:08 | INFO | Trading days: 2026-03-27 -> 2026-03-27
2026-08-12 23:39:08 | INFO | Request: 2026-03-27T09:00:00.000Z -> 2026-03-27T15:45:00.000Z
2026-08-12 23:39:08 | INFO | ======================================================================
2026-08-12 23:39:08 | INFO | API request: 2026-03-27T09:00:00.000Z -> 2026-03-27T15:45:00.000Z (attempt 1/3)
2026-08-12 23:39:08 | INFO | Breeze returned 378 candles.
2026-08-12 23:39:08 | INFO | First candle : 2026-03-27 09:07:00
2026-08-12 23:39:08 | INFO | Last candle  : 2026-03-27 15:31:00
2026-08-12 23:39:08 | INFO | Saved 2026-03-27: 378 candles -> data/raw/breeze\RELIND\1m\2026\03\2026-03-27.json
2026-08-12 23:39:08 | INFO | Next trading day: 2026-03-30
2026-08-12 23:39:08 | INFO | Waiting 1.0 seconds...
2026-08-12 23:39:09 | INFO | 
2026-08-12 23:39:09 | INFO | ======================================================================
2026-08-12 23:39:09 | INFO | CHUNK #38
2026-08-12 23:39:09 | INFO | Trading days: 2026-03-30 -> 2026-03-31
2026-08-12 23:39:09 | INFO | Request: 2026-03-30T09:00:00.000Z -> 2026-03-31T15:45:00.000Z
2026-08-12 23:39:09 | INFO | ======================================================================
2026-08-12 23:39:09 | INFO | API request: 2026-03-30T09:00:00.000Z -> 2026-03-31T15:45:00.000Z (attempt 1/3)
2026-08-12 23:39:09 | INFO | Breeze returned 378 candles.
2026-08-12 23:39:09 | INFO | First candle : 2026-03-30 09:07:00
2026-08-12 23:39:09 | INFO | Last candle  : 2026-03-30 15:31:00
2026-08-12 23:39:10 | INFO | Saved 2026-03-30: 378 candles -> data/raw/breeze\RELIND\1m\2026\03\2026-03-30.json
2026-08-12 23:39:10 | INFO | Saved 2026-03-31: 0 candles -> data/raw/breeze\RELIND\1m\2026\03\2026-03-31.json
2026-08-12 23:39:10 | INFO | Next trading day: 2026-04-01
2026-08-12 23:39:10 | INFO | Waiting 1.0 seconds...
2026-08-12 23:39:11 | INFO | 
2026-08-12 23:39:11 | INFO | ======================================================================
2026-08-12 23:39:11 | INFO | CHUNK #39
2026-08-12 23:39:11 | INFO | Trading days: 2026-04-01 -> 2026-04-02
2026-08-12 23:39:11 | INFO | Request: 2026-04-01T09:00:00.000Z -> 2026-04-02T15:45:00.000Z
2026-08-12 23:39:11 | INFO | ======================================================================
2026-08-12 23:39:11 | INFO | API request: 2026-04-01T09:00:00.000Z -> 2026-04-02T15:45:00.000Z (attempt 1/3)
2026-08-12 23:39:11 | INFO | Breeze returned 756 candles.
2026-08-12 23:39:11 | INFO | First candle : 2026-04-01 09:07:00
2026-08-12 23:39:11 | INFO | Last candle  : 2026-04-02 15:31:00
2026-08-12 23:39:11 | INFO | Saved 2026-04-01: 378 candles -> data/raw/breeze\RELIND\1m\2026\04\2026-04-01.json
2026-08-12 23:39:11 | INFO | Saved 2026-04-02: 378 candles -> data/raw/breeze\RELIND\1m\2026\04\2026-04-02.json
2026-08-12 23:39:11 | INFO | Next trading day: 2026-04-03
2026-08-12 23:39:11 | INFO | Waiting 1.0 seconds...
2026-08-12 23:39:12 | INFO | 
2026-08-12 23:39:12 | INFO | ======================================================================
2026-08-12 23:39:12 | INFO | CHUNK #40
2026-08-12 23:39:12 | INFO | Trading days: 2026-04-03 -> 2026-04-03
2026-08-12 23:39:12 | INFO | Request: 2026-04-03T09:00:00.000Z -> 2026-04-03T15:45:00.000Z
2026-08-12 23:39:12 | INFO | ======================================================================
2026-08-12 23:39:12 | INFO | API request: 2026-04-03T09:00:00.000Z -> 2026-04-03T15:45:00.000Z (attempt 1/3)
2026-08-12 23:39:12 | INFO | Breeze returned 0 candles.
2026-08-12 23:39:12 | INFO | Saved 2026-04-03: 0 candles -> data/raw/breeze\RELIND\1m\2026\04\2026-04-03.json
2026-08-12 23:39:12 | INFO | Next trading day: 2026-04-06
2026-08-12 23:39:12 | INFO | Waiting 1.0 seconds...
2026-08-12 23:39:13 | INFO | 
2026-08-12 23:39:13 | INFO | ======================================================================
2026-08-12 23:39:13 | INFO | CHUNK #41
2026-08-12 23:39:13 | INFO | Trading days: 2026-04-06 -> 2026-04-07
2026-08-12 23:39:13 | INFO | Request: 2026-04-06T09:00:00.000Z -> 2026-04-07T15:45:00.000Z
2026-08-12 23:39:13 | INFO | ======================================================================
2026-08-12 23:39:13 | INFO | API request: 2026-04-06T09:00:00.000Z -> 2026-04-07T15:45:00.000Z (attempt 1/3)
2026-08-12 23:39:14 | INFO | Breeze returned 756 candles.
2026-08-12 23:39:14 | INFO | First candle : 2026-04-06 09:07:00
2026-08-12 23:39:14 | INFO | Last candle  : 2026-04-07 15:31:00
2026-08-12 23:39:14 | INFO | Saved 2026-04-06: 378 candles -> data/raw/breeze\RELIND\1m\2026\04\2026-04-06.json
2026-08-12 23:39:14 | INFO | Saved 2026-04-07: 378 candles -> data/raw/breeze\RELIND\1m\2026\04\2026-04-07.json
2026-08-12 23:39:14 | INFO | Next trading day: 2026-04-08
2026-08-12 23:39:14 | INFO | Waiting 1.0 seconds...
2026-08-12 23:39:15 | INFO | 
2026-08-12 23:39:15 | INFO | ======================================================================
2026-08-12 23:39:15 | INFO | CHUNK #42
2026-08-12 23:39:15 | INFO | Trading days: 2026-04-08 -> 2026-04-09
2026-08-12 23:39:15 | INFO | Request: 2026-04-08T09:00:00.000Z -> 2026-04-09T15:45:00.000Z
2026-08-12 23:39:15 | INFO | ======================================================================
2026-08-12 23:39:15 | INFO | API request: 2026-04-08T09:00:00.000Z -> 2026-04-09T15:45:00.000Z (attempt 1/3)
2026-08-12 23:39:16 | INFO | Breeze returned 756 candles.
2026-08-12 23:39:16 | INFO | First candle : 2026-04-08 09:07:00
2026-08-12 23:39:16 | INFO | Last candle  : 2026-04-09 15:31:00
2026-08-12 23:39:16 | INFO | Saved 2026-04-08: 378 candles -> data/raw/breeze\RELIND\1m\2026\04\2026-04-08.json
2026-08-12 23:39:16 | INFO | Saved 2026-04-09: 378 candles -> data/raw/breeze\RELIND\1m\2026\04\2026-04-09.json
2026-08-12 23:39:16 | INFO | Next trading day: 2026-04-10
2026-08-12 23:39:16 | INFO | Waiting 1.0 seconds...
2026-08-12 23:39:17 | INFO | 
2026-08-12 23:39:17 | INFO | ======================================================================
2026-08-12 23:39:17 | INFO | CHUNK #43
2026-08-12 23:39:17 | INFO | Trading days: 2026-04-10 -> 2026-04-10
2026-08-12 23:39:17 | INFO | Request: 2026-04-10T09:00:00.000Z -> 2026-04-10T15:45:00.000Z
2026-08-12 23:39:17 | INFO | ======================================================================
2026-08-12 23:39:17 | INFO | API request: 2026-04-10T09:00:00.000Z -> 2026-04-10T15:45:00.000Z (attempt 1/3)
2026-08-12 23:39:17 | INFO | Breeze returned 378 candles.
2026-08-12 23:39:17 | INFO | First candle : 2026-04-10 09:07:00
2026-08-12 23:39:17 | INFO | Last candle  : 2026-04-10 15:31:00
2026-08-12 23:39:17 | INFO | Saved 2026-04-10: 378 candles -> data/raw/breeze\RELIND\1m\2026\04\2026-04-10.json
2026-08-12 23:39:17 | INFO | Next trading day: 2026-04-13
2026-08-12 23:39:17 | INFO | Waiting 1.0 seconds...
2026-08-12 23:39:18 | INFO | 
2026-08-12 23:39:18 | INFO | ======================================================================
2026-08-12 23:39:18 | INFO | CHUNK #44
2026-08-12 23:39:18 | INFO | Trading days: 2026-04-13 -> 2026-04-14
2026-08-12 23:39:18 | INFO | Request: 2026-04-13T09:00:00.000Z -> 2026-04-14T15:45:00.000Z
2026-08-12 23:39:18 | INFO | ======================================================================
2026-08-12 23:39:18 | INFO | API request: 2026-04-13T09:00:00.000Z -> 2026-04-14T15:45:00.000Z (attempt 1/3)
2026-08-12 23:39:18 | INFO | Breeze returned 378 candles.
2026-08-12 23:39:18 | INFO | First candle : 2026-04-13 09:07:00
2026-08-12 23:39:18 | INFO | Last candle  : 2026-04-13 15:31:00
2026-08-12 23:39:18 | INFO | Saved 2026-04-13: 378 candles -> data/raw/breeze\RELIND\1m\2026\04\2026-04-13.json
2026-08-12 23:39:18 | INFO | Saved 2026-04-14: 0 candles -> data/raw/breeze\RELIND\1m\2026\04\2026-04-14.json
2026-08-12 23:39:18 | INFO | Next trading day: 2026-04-15
2026-08-12 23:39:18 | INFO | Waiting 1.0 seconds...
2026-08-12 23:39:19 | INFO | 
2026-08-12 23:39:19 | INFO | ======================================================================
2026-08-12 23:39:19 | INFO | CHUNK #45
2026-08-12 23:39:19 | INFO | Trading days: 2026-04-15 -> 2026-04-16
2026-08-12 23:39:19 | INFO | Request: 2026-04-15T09:00:00.000Z -> 2026-04-16T15:45:00.000Z
2026-08-12 23:39:19 | INFO | ======================================================================
2026-08-12 23:39:19 | INFO | API request: 2026-04-15T09:00:00.000Z -> 2026-04-16T15:45:00.000Z (attempt 1/3)
2026-08-12 23:39:20 | INFO | Breeze returned 756 candles.
2026-08-12 23:39:20 | INFO | First candle : 2026-04-15 09:07:00
2026-08-12 23:39:20 | INFO | Last candle  : 2026-04-16 15:31:00
2026-08-12 23:39:20 | INFO | Saved 2026-04-15: 378 candles -> data/raw/breeze\RELIND\1m\2026\04\2026-04-15.json
2026-08-12 23:39:20 | INFO | Saved 2026-04-16: 378 candles -> data/raw/breeze\RELIND\1m\2026\04\2026-04-16.json
2026-08-12 23:39:20 | INFO | Next trading day: 2026-04-17
2026-08-12 23:39:20 | INFO | Waiting 1.0 seconds...
2026-08-12 23:39:21 | INFO | 
2026-08-12 23:39:21 | INFO | ======================================================================
2026-08-12 23:39:21 | INFO | CHUNK #46
2026-08-12 23:39:21 | INFO | Trading days: 2026-04-17 -> 2026-04-17
2026-08-12 23:39:21 | INFO | Request: 2026-04-17T09:00:00.000Z -> 2026-04-17T15:45:00.000Z
2026-08-12 23:39:21 | INFO | ======================================================================
2026-08-12 23:39:21 | INFO | API request: 2026-04-17T09:00:00.000Z -> 2026-04-17T15:45:00.000Z (attempt 1/3)
2026-08-12 23:39:22 | INFO | Breeze returned 378 candles.
2026-08-12 23:39:22 | INFO | First candle : 2026-04-17 09:07:00
2026-08-12 23:39:22 | INFO | Last candle  : 2026-04-17 15:31:00
2026-08-12 23:39:22 | INFO | Saved 2026-04-17: 378 candles -> data/raw/breeze\RELIND\1m\2026\04\2026-04-17.json
2026-08-12 23:39:22 | INFO | Next trading day: 2026-04-20
2026-08-12 23:39:22 | INFO | Waiting 1.0 seconds...
2026-08-12 23:39:23 | INFO | 
2026-08-12 23:39:23 | INFO | ======================================================================
2026-08-12 23:39:23 | INFO | CHUNK #47
2026-08-12 23:39:23 | INFO | Trading days: 2026-04-20 -> 2026-04-21
2026-08-12 23:39:23 | INFO | Request: 2026-04-20T09:00:00.000Z -> 2026-04-21T15:45:00.000Z
2026-08-12 23:39:23 | INFO | ======================================================================
2026-08-12 23:39:23 | INFO | API request: 2026-04-20T09:00:00.000Z -> 2026-04-21T15:45:00.000Z (attempt 1/3)
2026-08-12 23:39:23 | INFO | Breeze returned 756 candles.
2026-08-12 23:39:23 | INFO | First candle : 2026-04-20 09:07:00
2026-08-12 23:39:23 | INFO | Last candle  : 2026-04-21 15:31:00
2026-08-12 23:39:23 | INFO | Saved 2026-04-20: 378 candles -> data/raw/breeze\RELIND\1m\2026\04\2026-04-20.json
2026-08-12 23:39:23 | INFO | Saved 2026-04-21: 378 candles -> data/raw/breeze\RELIND\1m\2026\04\2026-04-21.json
2026-08-12 23:39:23 | INFO | Next trading day: 2026-04-22
2026-08-12 23:39:23 | INFO | Waiting 1.0 seconds...
2026-08-12 23:39:24 | INFO | 
2026-08-12 23:39:24 | INFO | ======================================================================
2026-08-12 23:39:24 | INFO | CHUNK #48
2026-08-12 23:39:24 | INFO | Trading days: 2026-04-22 -> 2026-04-23
2026-08-12 23:39:24 | INFO | Request: 2026-04-22T09:00:00.000Z -> 2026-04-23T15:45:00.000Z
2026-08-12 23:39:24 | INFO | ======================================================================
2026-08-12 23:39:24 | INFO | API request: 2026-04-22T09:00:00.000Z -> 2026-04-23T15:45:00.000Z (attempt 1/3)
2026-08-12 23:39:25 | INFO | Breeze returned 756 candles.
2026-08-12 23:39:25 | INFO | First candle : 2026-04-22 09:08:00
2026-08-12 23:39:25 | INFO | Last candle  : 2026-04-23 15:31:00
2026-08-12 23:39:25 | INFO | Saved 2026-04-22: 378 candles -> data/raw/breeze\RELIND\1m\2026\04\2026-04-22.json
2026-08-12 23:39:25 | INFO | Saved 2026-04-23: 378 candles -> data/raw/breeze\RELIND\1m\2026\04\2026-04-23.json
2026-08-12 23:39:25 | INFO | Next trading day: 2026-04-24
2026-08-12 23:39:25 | INFO | Waiting 1.0 seconds...
2026-08-12 23:39:26 | INFO | 
2026-08-12 23:39:26 | INFO | ======================================================================
2026-08-12 23:39:26 | INFO | CHUNK #49
2026-08-12 23:39:26 | INFO | Trading days: 2026-04-24 -> 2026-04-24
2026-08-12 23:39:26 | INFO | Request: 2026-04-24T09:00:00.000Z -> 2026-04-24T15:45:00.000Z
2026-08-12 23:39:26 | INFO | ======================================================================
2026-08-12 23:39:26 | INFO | API request: 2026-04-24T09:00:00.000Z -> 2026-04-24T15:45:00.000Z (attempt 1/3)
2026-08-12 23:39:26 | INFO | Breeze returned 378 candles.
2026-08-12 23:39:26 | INFO | First candle : 2026-04-24 09:07:00
2026-08-12 23:39:26 | INFO | Last candle  : 2026-04-24 15:31:00
2026-08-12 23:39:26 | INFO | Saved 2026-04-24: 378 candles -> data/raw/breeze\RELIND\1m\2026\04\2026-04-24.json
2026-08-12 23:39:26 | INFO | Next trading day: 2026-04-27
2026-08-12 23:39:26 | INFO | Waiting 1.0 seconds...
2026-08-12 23:39:27 | INFO | 
2026-08-12 23:39:27 | INFO | ======================================================================
2026-08-12 23:39:27 | INFO | CHUNK #50
2026-08-12 23:39:27 | INFO | Trading days: 2026-04-27 -> 2026-04-28
2026-08-12 23:39:27 | INFO | Request: 2026-04-27T09:00:00.000Z -> 2026-04-28T15:45:00.000Z
2026-08-12 23:39:27 | INFO | ======================================================================
2026-08-12 23:39:27 | INFO | API request: 2026-04-27T09:00:00.000Z -> 2026-04-28T15:45:00.000Z (attempt 1/3)
2026-08-12 23:39:28 | INFO | Breeze returned 756 candles.
2026-08-12 23:39:28 | INFO | First candle : 2026-04-27 09:07:00
2026-08-12 23:39:28 | INFO | Last candle  : 2026-04-28 15:31:00
2026-08-12 23:39:28 | INFO | Saved 2026-04-27: 378 candles -> data/raw/breeze\RELIND\1m\2026\04\2026-04-27.json
2026-08-12 23:39:28 | INFO | Saved 2026-04-28: 378 candles -> data/raw/breeze\RELIND\1m\2026\04\2026-04-28.json
2026-08-12 23:39:28 | INFO | Next trading day: 2026-04-29
2026-08-12 23:39:28 | INFO | Waiting 1.0 seconds...
2026-08-12 23:39:29 | INFO | 
2026-08-12 23:39:29 | INFO | ======================================================================
2026-08-12 23:39:29 | INFO | CHUNK #51
2026-08-12 23:39:29 | INFO | Trading days: 2026-04-29 -> 2026-04-30
2026-08-12 23:39:29 | INFO | Request: 2026-04-29T09:00:00.000Z -> 2026-04-30T15:45:00.000Z
2026-08-12 23:39:29 | INFO | ======================================================================
2026-08-12 23:39:29 | INFO | API request: 2026-04-29T09:00:00.000Z -> 2026-04-30T15:45:00.000Z (attempt 1/3)
2026-08-12 23:39:30 | INFO | Breeze returned 756 candles.
2026-08-12 23:39:30 | INFO | First candle : 2026-04-29 09:07:00
2026-08-12 23:39:30 | INFO | Last candle  : 2026-04-30 15:31:00
2026-08-12 23:39:30 | INFO | Saved 2026-04-29: 378 candles -> data/raw/breeze\RELIND\1m\2026\04\2026-04-29.json
2026-08-12 23:39:30 | INFO | Saved 2026-04-30: 378 candles -> data/raw/breeze\RELIND\1m\2026\04\2026-04-30.json
2026-08-12 23:39:30 | INFO | Next trading day: 2026-05-01
2026-08-12 23:39:30 | INFO | Waiting 1.0 seconds...
2026-08-12 23:39:31 | INFO | 
2026-08-12 23:39:31 | INFO | ======================================================================
2026-08-12 23:39:31 | INFO | CHUNK #52
2026-08-12 23:39:31 | INFO | Trading days: 2026-05-01 -> 2026-05-01
2026-08-12 23:39:31 | INFO | Request: 2026-05-01T09:00:00.000Z -> 2026-05-01T15:45:00.000Z
2026-08-12 23:39:31 | INFO | ======================================================================
2026-08-12 23:39:31 | INFO | API request: 2026-05-01T09:00:00.000Z -> 2026-05-01T15:45:00.000Z (attempt 1/3)
2026-08-12 23:39:31 | INFO | Breeze returned 0 candles.
2026-08-12 23:39:31 | INFO | Saved 2026-05-01: 0 candles -> data/raw/breeze\RELIND\1m\2026\05\2026-05-01.json
2026-08-12 23:39:31 | INFO | Next trading day: 2026-05-04
2026-08-12 23:39:31 | INFO | Waiting 1.0 seconds...
2026-08-12 23:39:32 | INFO | 
2026-08-12 23:39:32 | INFO | ======================================================================
2026-08-12 23:39:32 | INFO | CHUNK #53
2026-08-12 23:39:32 | INFO | Trading days: 2026-05-04 -> 2026-05-05
2026-08-12 23:39:32 | INFO | Request: 2026-05-04T09:00:00.000Z -> 2026-05-05T15:45:00.000Z
2026-08-12 23:39:32 | INFO | ======================================================================
2026-08-12 23:39:32 | INFO | API request: 2026-05-04T09:00:00.000Z -> 2026-05-05T15:45:00.000Z (attempt 1/3)
2026-08-12 23:39:33 | INFO | Breeze returned 756 candles.
2026-08-12 23:39:33 | INFO | First candle : 2026-05-04 09:07:00
2026-08-12 23:39:33 | INFO | Last candle  : 2026-05-05 15:31:00
2026-08-12 23:39:33 | INFO | Saved 2026-05-04: 378 candles -> data/raw/breeze\RELIND\1m\2026\05\2026-05-04.json
2026-08-12 23:39:33 | INFO | Saved 2026-05-05: 378 candles -> data/raw/breeze\RELIND\1m\2026\05\2026-05-05.json
2026-08-12 23:39:33 | INFO | Next trading day: 2026-05-06
2026-08-12 23:39:33 | INFO | Waiting 1.0 seconds...
2026-08-12 23:39:34 | INFO | 
2026-08-12 23:39:34 | INFO | ======================================================================
2026-08-12 23:39:34 | INFO | CHUNK #54
2026-08-12 23:39:34 | INFO | Trading days: 2026-05-06 -> 2026-05-07
2026-08-12 23:39:34 | INFO | Request: 2026-05-06T09:00:00.000Z -> 2026-05-07T15:45:00.000Z
2026-08-12 23:39:34 | INFO | ======================================================================
2026-08-12 23:39:34 | INFO | API request: 2026-05-06T09:00:00.000Z -> 2026-05-07T15:45:00.000Z (attempt 1/3)
2026-08-12 23:39:35 | INFO | Breeze returned 756 candles.
2026-08-12 23:39:35 | INFO | First candle : 2026-05-06 09:07:00
2026-08-12 23:39:35 | INFO | Last candle  : 2026-05-07 15:31:00
2026-08-12 23:39:35 | INFO | Saved 2026-05-06: 378 candles -> data/raw/breeze\RELIND\1m\2026\05\2026-05-06.json
2026-08-12 23:39:35 | INFO | Saved 2026-05-07: 378 candles -> data/raw/breeze\RELIND\1m\2026\05\2026-05-07.json
2026-08-12 23:39:35 | INFO | Next trading day: 2026-05-08
2026-08-12 23:39:35 | INFO | Waiting 1.0 seconds...
2026-08-12 23:39:36 | INFO | 
2026-08-12 23:39:36 | INFO | ======================================================================
2026-08-12 23:39:36 | INFO | CHUNK #55
2026-08-12 23:39:36 | INFO | Trading days: 2026-05-08 -> 2026-05-08
2026-08-12 23:39:36 | INFO | Request: 2026-05-08T09:00:00.000Z -> 2026-05-08T15:45:00.000Z
2026-08-12 23:39:36 | INFO | ======================================================================
2026-08-12 23:39:36 | INFO | API request: 2026-05-08T09:00:00.000Z -> 2026-05-08T15:45:00.000Z (attempt 1/3)
2026-08-12 23:39:36 | INFO | Breeze returned 379 candles.
2026-08-12 23:39:36 | INFO | First candle : 2026-05-08 09:08:00
2026-08-12 23:39:36 | INFO | Last candle  : 2026-05-08 15:31:00
2026-08-12 23:39:36 | INFO | Saved 2026-05-08: 379 candles -> data/raw/breeze\RELIND\1m\2026\05\2026-05-08.json
2026-08-12 23:39:36 | INFO | Next trading day: 2026-05-11
2026-08-12 23:39:36 | INFO | Waiting 1.0 seconds...
2026-08-12 23:39:37 | INFO | 
2026-08-12 23:39:37 | INFO | ======================================================================
2026-08-12 23:39:37 | INFO | CHUNK #56
2026-08-12 23:39:37 | INFO | Trading days: 2026-05-11 -> 2026-05-12
2026-08-12 23:39:37 | INFO | Request: 2026-05-11T09:00:00.000Z -> 2026-05-12T15:45:00.000Z
2026-08-12 23:39:37 | INFO | ======================================================================
2026-08-12 23:39:37 | INFO | API request: 2026-05-11T09:00:00.000Z -> 2026-05-12T15:45:00.000Z (attempt 1/3)
2026-08-12 23:39:38 | INFO | Breeze returned 757 candles.
2026-08-12 23:39:38 | INFO | First candle : 2026-05-11 09:07:00
2026-08-12 23:39:38 | INFO | Last candle  : 2026-05-12 15:37:00
2026-08-12 23:39:38 | INFO | Saved 2026-05-11: 378 candles -> data/raw/breeze\RELIND\1m\2026\05\2026-05-11.json
2026-08-12 23:39:38 | INFO | Saved 2026-05-12: 379 candles -> data/raw/breeze\RELIND\1m\2026\05\2026-05-12.json
2026-08-12 23:39:38 | INFO | Next trading day: 2026-05-13
2026-08-12 23:39:38 | INFO | Waiting 1.0 seconds...
2026-08-12 23:39:39 | INFO | 
2026-08-12 23:39:39 | INFO | ======================================================================
2026-08-12 23:39:39 | INFO | CHUNK #57
2026-08-12 23:39:39 | INFO | Trading days: 2026-05-13 -> 2026-05-14
2026-08-12 23:39:39 | INFO | Request: 2026-05-13T09:00:00.000Z -> 2026-05-14T15:45:00.000Z
2026-08-12 23:39:39 | INFO | ======================================================================
2026-08-12 23:39:39 | INFO | API request: 2026-05-13T09:00:00.000Z -> 2026-05-14T15:45:00.000Z (attempt 1/3)
2026-08-12 23:39:39 | INFO | Breeze returned 756 candles.
2026-08-12 23:39:39 | INFO | First candle : 2026-05-13 09:07:00
2026-08-12 23:39:39 | INFO | Last candle  : 2026-05-14 15:31:00
2026-08-12 23:39:39 | INFO | Saved 2026-05-13: 378 candles -> data/raw/breeze\RELIND\1m\2026\05\2026-05-13.json
2026-08-12 23:39:39 | INFO | Saved 2026-05-14: 378 candles -> data/raw/breeze\RELIND\1m\2026\05\2026-05-14.json
2026-08-12 23:39:39 | INFO | Next trading day: 2026-05-15
2026-08-12 23:39:39 | INFO | Waiting 1.0 seconds...
2026-08-12 23:39:40 | INFO | 
2026-08-12 23:39:40 | INFO | ======================================================================
2026-08-12 23:39:40 | INFO | CHUNK #58
2026-08-12 23:39:40 | INFO | Trading days: 2026-05-15 -> 2026-05-15
2026-08-12 23:39:40 | INFO | Request: 2026-05-15T09:00:00.000Z -> 2026-05-15T15:45:00.000Z
2026-08-12 23:39:40 | INFO | ======================================================================
2026-08-12 23:39:40 | INFO | API request: 2026-05-15T09:00:00.000Z -> 2026-05-15T15:45:00.000Z (attempt 1/3)
2026-08-12 23:39:41 | INFO | Breeze returned 378 candles.
2026-08-12 23:39:41 | INFO | First candle : 2026-05-15 09:07:00
2026-08-12 23:39:41 | INFO | Last candle  : 2026-05-15 15:31:00
2026-08-12 23:39:41 | INFO | Saved 2026-05-15: 378 candles -> data/raw/breeze\RELIND\1m\2026\05\2026-05-15.json
2026-08-12 23:39:41 | INFO | Next trading day: 2026-05-18
2026-08-12 23:39:41 | INFO | Waiting 1.0 seconds...
2026-08-12 23:39:42 | INFO | 
2026-08-12 23:39:42 | INFO | ======================================================================
2026-08-12 23:39:42 | INFO | CHUNK #59
2026-08-12 23:39:42 | INFO | Trading days: 2026-05-18 -> 2026-05-19
2026-08-12 23:39:42 | INFO | Request: 2026-05-18T09:00:00.000Z -> 2026-05-19T15:45:00.000Z
2026-08-12 23:39:42 | INFO | ======================================================================
2026-08-12 23:39:42 | INFO | API request: 2026-05-18T09:00:00.000Z -> 2026-05-19T15:45:00.000Z (attempt 1/3)
2026-08-12 23:39:43 | INFO | Breeze returned 756 candles.
2026-08-12 23:39:43 | INFO | First candle : 2026-05-18 09:07:00
2026-08-12 23:39:43 | INFO | Last candle  : 2026-05-19 15:31:00
2026-08-12 23:39:43 | INFO | Saved 2026-05-18: 378 candles -> data/raw/breeze\RELIND\1m\2026\05\2026-05-18.json
2026-08-12 23:39:43 | INFO | Saved 2026-05-19: 378 candles -> data/raw/breeze\RELIND\1m\2026\05\2026-05-19.json
2026-08-12 23:39:43 | INFO | Next trading day: 2026-05-20
2026-08-12 23:39:43 | INFO | Waiting 1.0 seconds...
2026-08-12 23:39:44 | INFO | 
2026-08-12 23:39:44 | INFO | ======================================================================
2026-08-12 23:39:44 | INFO | CHUNK #60
2026-08-12 23:39:44 | INFO | Trading days: 2026-05-20 -> 2026-05-21
2026-08-12 23:39:44 | INFO | Request: 2026-05-20T09:00:00.000Z -> 2026-05-21T15:45:00.000Z
2026-08-12 23:39:44 | INFO | ======================================================================
2026-08-12 23:39:44 | INFO | API request: 2026-05-20T09:00:00.000Z -> 2026-05-21T15:45:00.000Z (attempt 1/3)
2026-08-12 23:39:44 | INFO | Breeze returned 755 candles.
2026-08-12 23:39:44 | INFO | First candle : 2026-05-20 09:07:00
2026-08-12 23:39:44 | INFO | Last candle  : 2026-05-21 15:31:00
2026-08-12 23:39:44 | INFO | Saved 2026-05-20: 377 candles -> data/raw/breeze\RELIND\1m\2026\05\2026-05-20.json
2026-08-12 23:39:44 | INFO | Saved 2026-05-21: 378 candles -> data/raw/breeze\RELIND\1m\2026\05\2026-05-21.json
2026-08-12 23:39:44 | INFO | Next trading day: 2026-05-22
2026-08-12 23:39:44 | INFO | Waiting 1.0 seconds...
2026-08-12 23:39:45 | INFO | 
2026-08-12 23:39:45 | INFO | ======================================================================
2026-08-12 23:39:45 | INFO | CHUNK #61
2026-08-12 23:39:45 | INFO | Trading days: 2026-05-22 -> 2026-05-22
2026-08-12 23:39:45 | INFO | Request: 2026-05-22T09:00:00.000Z -> 2026-05-22T15:45:00.000Z
2026-08-12 23:39:45 | INFO | ======================================================================
2026-08-12 23:39:45 | INFO | API request: 2026-05-22T09:00:00.000Z -> 2026-05-22T15:45:00.000Z (attempt 1/3)
2026-08-12 23:39:46 | INFO | Breeze returned 378 candles.
2026-08-12 23:39:46 | INFO | First candle : 2026-05-22 09:07:00
2026-08-12 23:39:46 | INFO | Last candle  : 2026-05-22 15:31:00
2026-08-12 23:39:46 | INFO | Saved 2026-05-22: 378 candles -> data/raw/breeze\RELIND\1m\2026\05\2026-05-22.json
2026-08-12 23:39:46 | INFO | Next trading day: 2026-05-25
2026-08-12 23:39:46 | INFO | Waiting 1.0 seconds...
2026-08-12 23:39:47 | INFO | 
2026-08-12 23:39:47 | INFO | ======================================================================
2026-08-12 23:39:47 | INFO | CHUNK #62
2026-08-12 23:39:47 | INFO | Trading days: 2026-05-25 -> 2026-05-26
2026-08-12 23:39:47 | INFO | Request: 2026-05-25T09:00:00.000Z -> 2026-05-26T15:45:00.000Z
2026-08-12 23:39:47 | INFO | ======================================================================
2026-08-12 23:39:47 | INFO | API request: 2026-05-25T09:00:00.000Z -> 2026-05-26T15:45:00.000Z (attempt 1/3)
2026-08-12 23:39:48 | INFO | Breeze returned 755 candles.
2026-08-12 23:39:48 | INFO | First candle : 2026-05-25 09:07:00
2026-08-12 23:39:48 | INFO | Last candle  : 2026-05-26 15:31:00
2026-08-12 23:39:48 | INFO | Saved 2026-05-25: 377 candles -> data/raw/breeze\RELIND\1m\2026\05\2026-05-25.json
2026-08-12 23:39:48 | INFO | Saved 2026-05-26: 378 candles -> data/raw/breeze\RELIND\1m\2026\05\2026-05-26.json
2026-08-12 23:39:48 | INFO | Next trading day: 2026-05-27
2026-08-12 23:39:48 | INFO | Waiting 1.0 seconds...
2026-08-12 23:39:49 | INFO | 
2026-08-12 23:39:49 | INFO | ======================================================================
2026-08-12 23:39:49 | INFO | CHUNK #63
2026-08-12 23:39:49 | INFO | Trading days: 2026-05-27 -> 2026-05-28
2026-08-12 23:39:49 | INFO | Request: 2026-05-27T09:00:00.000Z -> 2026-05-28T15:45:00.000Z
2026-08-12 23:39:49 | INFO | ======================================================================
2026-08-12 23:39:49 | INFO | API request: 2026-05-27T09:00:00.000Z -> 2026-05-28T15:45:00.000Z (attempt 1/3)
2026-08-12 23:39:49 | INFO | Breeze returned 378 candles.
2026-08-12 23:39:49 | INFO | First candle : 2026-05-27 09:08:00
2026-08-12 23:39:49 | INFO | Last candle  : 2026-05-27 15:31:00
2026-08-12 23:39:49 | INFO | Saved 2026-05-27: 378 candles -> data/raw/breeze\RELIND\1m\2026\05\2026-05-27.json
2026-08-12 23:39:49 | INFO | Saved 2026-05-28: 0 candles -> data/raw/breeze\RELIND\1m\2026\05\2026-05-28.json
2026-08-12 23:39:49 | INFO | Next trading day: 2026-05-29
2026-08-12 23:39:49 | INFO | Waiting 1.0 seconds...
2026-08-12 23:39:50 | INFO | 
2026-08-12 23:39:50 | INFO | ======================================================================
2026-08-12 23:39:50 | INFO | CHUNK #64
2026-08-12 23:39:50 | INFO | Trading days: 2026-05-29 -> 2026-05-29
2026-08-12 23:39:50 | INFO | Request: 2026-05-29T09:00:00.000Z -> 2026-05-29T15:45:00.000Z
2026-08-12 23:39:50 | INFO | ======================================================================
2026-08-12 23:39:50 | INFO | API request: 2026-05-29T09:00:00.000Z -> 2026-05-29T15:45:00.000Z (attempt 1/3)
2026-08-12 23:39:51 | INFO | Breeze returned 378 candles.
2026-08-12 23:39:51 | INFO | First candle : 2026-05-29 09:07:00
2026-08-12 23:39:51 | INFO | Last candle  : 2026-05-29 15:31:00
2026-08-12 23:39:51 | INFO | Saved 2026-05-29: 378 candles -> data/raw/breeze\RELIND\1m\2026\05\2026-05-29.json
2026-08-12 23:39:51 | INFO | Next trading day: 2026-06-01
2026-08-12 23:39:51 | INFO | Waiting 1.0 seconds...
2026-08-12 23:39:52 | INFO | 
2026-08-12 23:39:52 | INFO | ======================================================================
2026-08-12 23:39:52 | INFO | CHUNK #65
2026-08-12 23:39:52 | INFO | Trading days: 2026-06-01 -> 2026-06-02
2026-08-12 23:39:52 | INFO | Request: 2026-06-01T09:00:00.000Z -> 2026-06-02T15:45:00.000Z
2026-08-12 23:39:52 | INFO | ======================================================================
2026-08-12 23:39:52 | INFO | API request: 2026-06-01T09:00:00.000Z -> 2026-06-02T15:45:00.000Z (attempt 1/3)
2026-08-12 23:39:53 | INFO | Breeze returned 756 candles.
2026-08-12 23:39:53 | INFO | First candle : 2026-06-01 09:07:00
2026-08-12 23:39:53 | INFO | Last candle  : 2026-06-02 15:31:00
2026-08-12 23:39:53 | INFO | Saved 2026-06-01: 378 candles -> data/raw/breeze\RELIND\1m\2026\06\2026-06-01.json
2026-08-12 23:39:53 | INFO | Saved 2026-06-02: 378 candles -> data/raw/breeze\RELIND\1m\2026\06\2026-06-02.json
2026-08-12 23:39:53 | INFO | Next trading day: 2026-06-03
2026-08-12 23:39:53 | INFO | Waiting 1.0 seconds...
2026-08-12 23:39:54 | INFO | 
2026-08-12 23:39:54 | INFO | ======================================================================
2026-08-12 23:39:54 | INFO | CHUNK #66
2026-08-12 23:39:54 | INFO | Trading days: 2026-06-03 -> 2026-06-04
2026-08-12 23:39:54 | INFO | Request: 2026-06-03T09:00:00.000Z -> 2026-06-04T15:45:00.000Z
2026-08-12 23:39:54 | INFO | ======================================================================
2026-08-12 23:39:54 | INFO | API request: 2026-06-03T09:00:00.000Z -> 2026-06-04T15:45:00.000Z (attempt 1/3)
2026-08-12 23:39:54 | INFO | Breeze returned 756 candles.
2026-08-12 23:39:54 | INFO | First candle : 2026-06-03 09:07:00
2026-08-12 23:39:54 | INFO | Last candle  : 2026-06-04 15:31:00
2026-08-12 23:39:54 | INFO | Saved 2026-06-03: 378 candles -> data/raw/breeze\RELIND\1m\2026\06\2026-06-03.json
2026-08-12 23:39:54 | INFO | Saved 2026-06-04: 378 candles -> data/raw/breeze\RELIND\1m\2026\06\2026-06-04.json
2026-08-12 23:39:54 | INFO | Next trading day: 2026-06-05
2026-08-12 23:39:54 | INFO | Waiting 1.0 seconds...
2026-08-12 23:39:55 | INFO | 
2026-08-12 23:39:55 | INFO | ======================================================================
2026-08-12 23:39:55 | INFO | CHUNK #67
2026-08-12 23:39:55 | INFO | Trading days: 2026-06-05 -> 2026-06-05
2026-08-12 23:39:55 | INFO | Request: 2026-06-05T09:00:00.000Z -> 2026-06-05T15:45:00.000Z
2026-08-12 23:39:55 | INFO | ======================================================================
2026-08-12 23:39:55 | INFO | API request: 2026-06-05T09:00:00.000Z -> 2026-06-05T15:45:00.000Z (attempt 1/3)
2026-08-12 23:39:56 | INFO | Breeze returned 378 candles.
2026-08-12 23:39:56 | INFO | First candle : 2026-06-05 09:07:00
2026-08-12 23:39:56 | INFO | Last candle  : 2026-06-05 15:31:00
2026-08-12 23:39:56 | INFO | Saved 2026-06-05: 378 candles -> data/raw/breeze\RELIND\1m\2026\06\2026-06-05.json
2026-08-12 23:39:56 | INFO | Next trading day: 2026-06-08
2026-08-12 23:39:56 | INFO | Waiting 1.0 seconds...
2026-08-12 23:39:57 | INFO | 
2026-08-12 23:39:57 | INFO | ======================================================================
2026-08-12 23:39:57 | INFO | CHUNK #68
2026-08-12 23:39:57 | INFO | Trading days: 2026-06-08 -> 2026-06-09
2026-08-12 23:39:57 | INFO | Request: 2026-06-08T09:00:00.000Z -> 2026-06-09T15:45:00.000Z
2026-08-12 23:39:57 | INFO | ======================================================================
2026-08-12 23:39:57 | INFO | API request: 2026-06-08T09:00:00.000Z -> 2026-06-09T15:45:00.000Z (attempt 1/3)
2026-08-12 23:39:57 | INFO | Breeze returned 756 candles.
2026-08-12 23:39:57 | INFO | First candle : 2026-06-08 09:07:00
2026-08-12 23:39:57 | INFO | Last candle  : 2026-06-09 15:31:00
2026-08-12 23:39:57 | INFO | Saved 2026-06-08: 378 candles -> data/raw/breeze\RELIND\1m\2026\06\2026-06-08.json
2026-08-12 23:39:57 | INFO | Saved 2026-06-09: 378 candles -> data/raw/breeze\RELIND\1m\2026\06\2026-06-09.json
2026-08-12 23:39:57 | INFO | Next trading day: 2026-06-10
2026-08-12 23:39:57 | INFO | Waiting 1.0 seconds...
2026-08-12 23:39:58 | INFO | 
2026-08-12 23:39:58 | INFO | ======================================================================
2026-08-12 23:39:58 | INFO | CHUNK #69
2026-08-12 23:39:58 | INFO | Trading days: 2026-06-10 -> 2026-06-11
2026-08-12 23:39:58 | INFO | Request: 2026-06-10T09:00:00.000Z -> 2026-06-11T15:45:00.000Z
2026-08-12 23:39:58 | INFO | ======================================================================
2026-08-12 23:39:58 | INFO | API request: 2026-06-10T09:00:00.000Z -> 2026-06-11T15:45:00.000Z (attempt 1/3)
2026-08-12 23:39:59 | INFO | Breeze returned 756 candles.
2026-08-12 23:39:59 | INFO | First candle : 2026-06-10 09:07:00
2026-08-12 23:39:59 | INFO | Last candle  : 2026-06-11 15:31:00
2026-08-12 23:39:59 | INFO | Saved 2026-06-10: 378 candles -> data/raw/breeze\RELIND\1m\2026\06\2026-06-10.json
2026-08-12 23:39:59 | INFO | Saved 2026-06-11: 378 candles -> data/raw/breeze\RELIND\1m\2026\06\2026-06-11.json
2026-08-12 23:39:59 | INFO | Next trading day: 2026-06-12
2026-08-12 23:39:59 | INFO | Waiting 1.0 seconds...
2026-08-12 23:40:00 | INFO | 
2026-08-12 23:40:00 | INFO | ======================================================================
2026-08-12 23:40:00 | INFO | CHUNK #70
2026-08-12 23:40:00 | INFO | Trading days: 2026-06-12 -> 2026-06-12
2026-08-12 23:40:00 | INFO | Request: 2026-06-12T09:00:00.000Z -> 2026-06-12T15:45:00.000Z
2026-08-12 23:40:00 | INFO | ======================================================================
2026-08-12 23:40:00 | INFO | API request: 2026-06-12T09:00:00.000Z -> 2026-06-12T15:45:00.000Z (attempt 1/3)
2026-08-12 23:40:00 | INFO | Breeze returned 379 candles.
2026-08-12 23:40:00 | INFO | First candle : 2026-06-12 09:07:00
2026-08-12 23:40:00 | INFO | Last candle  : 2026-06-12 15:38:00
2026-08-12 23:40:00 | INFO | Saved 2026-06-12: 379 candles -> data/raw/breeze\RELIND\1m\2026\06\2026-06-12.json
2026-08-12 23:40:00 | INFO | Next trading day: 2026-06-15
2026-08-12 23:40:00 | INFO | Waiting 1.0 seconds...
2026-08-12 23:40:01 | INFO | 
2026-08-12 23:40:01 | INFO | ======================================================================
2026-08-12 23:40:01 | INFO | CHUNK #71
2026-08-12 23:40:01 | INFO | Trading days: 2026-06-15 -> 2026-06-16
2026-08-12 23:40:01 | INFO | Request: 2026-06-15T09:00:00.000Z -> 2026-06-16T15:45:00.000Z
2026-08-12 23:40:01 | INFO | ======================================================================
2026-08-12 23:40:01 | INFO | API request: 2026-06-15T09:00:00.000Z -> 2026-06-16T15:45:00.000Z (attempt 1/3)
2026-08-12 23:40:02 | INFO | Breeze returned 756 candles.
2026-08-12 23:40:02 | INFO | First candle : 2026-06-15 09:07:00
2026-08-12 23:40:02 | INFO | Last candle  : 2026-06-16 15:31:00
2026-08-12 23:40:02 | INFO | Saved 2026-06-15: 378 candles -> data/raw/breeze\RELIND\1m\2026\06\2026-06-15.json
2026-08-12 23:40:02 | INFO | Saved 2026-06-16: 378 candles -> data/raw/breeze\RELIND\1m\2026\06\2026-06-16.json
2026-08-12 23:40:02 | INFO | Next trading day: 2026-06-17
2026-08-12 23:40:02 | INFO | Waiting 1.0 seconds...
2026-08-12 23:40:03 | INFO | 
2026-08-12 23:40:03 | INFO | ======================================================================
2026-08-12 23:40:03 | INFO | CHUNK #72
2026-08-12 23:40:03 | INFO | Trading days: 2026-06-17 -> 2026-06-18
2026-08-12 23:40:03 | INFO | Request: 2026-06-17T09:00:00.000Z -> 2026-06-18T15:45:00.000Z
2026-08-12 23:40:03 | INFO | ======================================================================
2026-08-12 23:40:03 | INFO | API request: 2026-06-17T09:00:00.000Z -> 2026-06-18T15:45:00.000Z (attempt 1/3)
2026-08-12 23:40:04 | INFO | Breeze returned 755 candles.
2026-08-12 23:40:04 | INFO | First candle : 2026-06-17 09:07:00
2026-08-12 23:40:04 | INFO | Last candle  : 2026-06-18 15:31:00
2026-08-12 23:40:04 | INFO | Saved 2026-06-17: 377 candles -> data/raw/breeze\RELIND\1m\2026\06\2026-06-17.json
2026-08-12 23:40:04 | INFO | Saved 2026-06-18: 378 candles -> data/raw/breeze\RELIND\1m\2026\06\2026-06-18.json
2026-08-12 23:40:04 | INFO | Next trading day: 2026-06-19
2026-08-12 23:40:04 | INFO | Waiting 1.0 seconds...
2026-08-12 23:40:05 | INFO | 
2026-08-12 23:40:05 | INFO | ======================================================================
2026-08-12 23:40:05 | INFO | CHUNK #73
2026-08-12 23:40:05 | INFO | Trading days: 2026-06-19 -> 2026-06-19
2026-08-12 23:40:05 | INFO | Request: 2026-06-19T09:00:00.000Z -> 2026-06-19T15:45:00.000Z
2026-08-12 23:40:05 | INFO | ======================================================================
2026-08-12 23:40:05 | INFO | API request: 2026-06-19T09:00:00.000Z -> 2026-06-19T15:45:00.000Z (attempt 1/3)
2026-08-12 23:40:07 | INFO | Breeze returned 378 candles.
2026-08-12 23:40:07 | INFO | First candle : 2026-06-19 09:07:00
2026-08-12 23:40:07 | INFO | Last candle  : 2026-06-19 15:31:00
2026-08-12 23:40:07 | INFO | Saved 2026-06-19: 378 candles -> data/raw/breeze\RELIND\1m\2026\06\2026-06-19.json
2026-08-12 23:40:07 | INFO | Next trading day: 2026-06-22
2026-08-12 23:40:07 | INFO | Waiting 1.0 seconds...
2026-08-12 23:40:08 | INFO | 
2026-08-12 23:40:08 | INFO | ======================================================================
2026-08-12 23:40:08 | INFO | CHUNK #74
2026-08-12 23:40:08 | INFO | Trading days: 2026-06-22 -> 2026-06-23
2026-08-12 23:40:08 | INFO | Request: 2026-06-22T09:00:00.000Z -> 2026-06-23T15:45:00.000Z
2026-08-12 23:40:08 | INFO | ======================================================================
2026-08-12 23:40:08 | INFO | API request: 2026-06-22T09:00:00.000Z -> 2026-06-23T15:45:00.000Z (attempt 1/3)
2026-08-12 23:40:10 | INFO | Breeze returned 756 candles.
2026-08-12 23:40:10 | INFO | First candle : 2026-06-22 09:07:00
2026-08-12 23:40:10 | INFO | Last candle  : 2026-06-23 15:31:00
2026-08-12 23:40:10 | INFO | Saved 2026-06-22: 378 candles -> data/raw/breeze\RELIND\1m\2026\06\2026-06-22.json
2026-08-12 23:40:10 | INFO | Saved 2026-06-23: 378 candles -> data/raw/breeze\RELIND\1m\2026\06\2026-06-23.json
2026-08-12 23:40:10 | INFO | Next trading day: 2026-06-24
2026-08-12 23:40:10 | INFO | Waiting 1.0 seconds...
2026-08-12 23:40:11 | INFO | 
2026-08-12 23:40:11 | INFO | ======================================================================
2026-08-12 23:40:11 | INFO | CHUNK #75
2026-08-12 23:40:11 | INFO | Trading days: 2026-06-24 -> 2026-06-25
2026-08-12 23:40:11 | INFO | Request: 2026-06-24T09:00:00.000Z -> 2026-06-25T15:45:00.000Z
2026-08-12 23:40:11 | INFO | ======================================================================
2026-08-12 23:40:11 | INFO | API request: 2026-06-24T09:00:00.000Z -> 2026-06-25T15:45:00.000Z (attempt 1/3)
2026-08-12 23:40:12 | INFO | Breeze returned 756 candles.
2026-08-12 23:40:12 | INFO | First candle : 2026-06-24 09:07:00
2026-08-12 23:40:12 | INFO | Last candle  : 2026-06-25 15:31:00
2026-08-12 23:40:12 | INFO | Saved 2026-06-24: 378 candles -> data/raw/breeze\RELIND\1m\2026\06\2026-06-24.json
2026-08-12 23:40:12 | INFO | Saved 2026-06-25: 378 candles -> data/raw/breeze\RELIND\1m\2026\06\2026-06-25.json
2026-08-12 23:40:12 | INFO | Next trading day: 2026-06-26
2026-08-12 23:40:12 | INFO | Waiting 1.0 seconds...
2026-08-12 23:40:13 | INFO | 
2026-08-12 23:40:13 | INFO | ======================================================================
2026-08-12 23:40:13 | INFO | CHUNK #76
2026-08-12 23:40:13 | INFO | Trading days: 2026-06-26 -> 2026-06-26
2026-08-12 23:40:13 | INFO | Request: 2026-06-26T09:00:00.000Z -> 2026-06-26T15:45:00.000Z
2026-08-12 23:40:13 | INFO | ======================================================================
2026-08-12 23:40:13 | INFO | API request: 2026-06-26T09:00:00.000Z -> 2026-06-26T15:45:00.000Z (attempt 1/3)
2026-08-12 23:40:13 | INFO | Breeze returned 0 candles.
2026-08-12 23:40:13 | INFO | Saved 2026-06-26: 0 candles -> data/raw/breeze\RELIND\1m\2026\06\2026-06-26.json
2026-08-12 23:40:13 | INFO | Next trading day: 2026-06-29
2026-08-12 23:40:13 | INFO | Waiting 1.0 seconds...
2026-08-12 23:40:14 | INFO | 
2026-08-12 23:40:14 | INFO | ======================================================================
2026-08-12 23:40:14 | INFO | CHUNK #77
2026-08-12 23:40:14 | INFO | Trading days: 2026-06-29 -> 2026-06-30
2026-08-12 23:40:14 | INFO | Request: 2026-06-29T09:00:00.000Z -> 2026-06-30T15:45:00.000Z
2026-08-12 23:40:14 | INFO | ======================================================================
2026-08-12 23:40:14 | INFO | API request: 2026-06-29T09:00:00.000Z -> 2026-06-30T15:45:00.000Z (attempt 1/3)
2026-08-12 23:40:15 | INFO | Breeze returned 757 candles.
2026-08-12 23:40:15 | INFO | First candle : 2026-06-29 09:07:00
2026-08-12 23:40:15 | INFO | Last candle  : 2026-06-30 15:39:00
2026-08-12 23:40:15 | INFO | Saved 2026-06-29: 378 candles -> data/raw/breeze\RELIND\1m\2026\06\2026-06-29.json
2026-08-12 23:40:15 | INFO | Saved 2026-06-30: 379 candles -> data/raw/breeze\RELIND\1m\2026\06\2026-06-30.json
2026-08-12 23:40:15 | INFO | Next trading day: 2026-07-01
2026-08-12 23:40:15 | INFO | Waiting 1.0 seconds...
2026-08-12 23:40:16 | INFO | 
2026-08-12 23:40:16 | INFO | ======================================================================
2026-08-12 23:40:16 | INFO | CHUNK #78
2026-08-12 23:40:16 | INFO | Trading days: 2026-07-01 -> 2026-07-02
2026-08-12 23:40:16 | INFO | Request: 2026-07-01T09:00:00.000Z -> 2026-07-02T15:45:00.000Z
2026-08-12 23:40:16 | INFO | ======================================================================
2026-08-12 23:40:16 | INFO | API request: 2026-07-01T09:00:00.000Z -> 2026-07-02T15:45:00.000Z (attempt 1/3)
2026-08-12 23:40:17 | INFO | Breeze returned 756 candles.
2026-08-12 23:40:17 | INFO | First candle : 2026-07-01 09:07:00
2026-08-12 23:40:17 | INFO | Last candle  : 2026-07-02 15:31:00
2026-08-12 23:40:17 | INFO | Saved 2026-07-01: 378 candles -> data/raw/breeze\RELIND\1m\2026\07\2026-07-01.json
2026-08-12 23:40:17 | INFO | Saved 2026-07-02: 378 candles -> data/raw/breeze\RELIND\1m\2026\07\2026-07-02.json
2026-08-12 23:40:17 | INFO | Next trading day: 2026-07-03
2026-08-12 23:40:17 | INFO | Waiting 1.0 seconds...
2026-08-12 23:40:18 | INFO | 
2026-08-12 23:40:18 | INFO | ======================================================================
2026-08-12 23:40:18 | INFO | CHUNK #79
2026-08-12 23:40:18 | INFO | Trading days: 2026-07-03 -> 2026-07-03
2026-08-12 23:40:18 | INFO | Request: 2026-07-03T09:00:00.000Z -> 2026-07-03T15:45:00.000Z
2026-08-12 23:40:18 | INFO | ======================================================================
2026-08-12 23:40:18 | INFO | API request: 2026-07-03T09:00:00.000Z -> 2026-07-03T15:45:00.000Z (attempt 1/3)
2026-08-12 23:40:18 | INFO | Breeze returned 378 candles.
2026-08-12 23:40:18 | INFO | First candle : 2026-07-03 09:07:00
2026-08-12 23:40:18 | INFO | Last candle  : 2026-07-03 15:31:00
2026-08-12 23:40:18 | INFO | Saved 2026-07-03: 378 candles -> data/raw/breeze\RELIND\1m\2026\07\2026-07-03.json
2026-08-12 23:40:18 | INFO | Next trading day: 2026-07-06
2026-08-12 23:40:18 | INFO | Waiting 1.0 seconds...
2026-08-12 23:40:19 | INFO | 
2026-08-12 23:40:19 | INFO | ======================================================================
2026-08-12 23:40:19 | INFO | CHUNK #80
2026-08-12 23:40:19 | INFO | Trading days: 2026-07-06 -> 2026-07-07
2026-08-12 23:40:19 | INFO | Request: 2026-07-06T09:00:00.000Z -> 2026-07-07T15:45:00.000Z
2026-08-12 23:40:19 | INFO | ======================================================================
2026-08-12 23:40:19 | INFO | API request: 2026-07-06T09:00:00.000Z -> 2026-07-07T15:45:00.000Z (attempt 1/3)
2026-08-12 23:40:20 | INFO | Breeze returned 755 candles.
2026-08-12 23:40:20 | INFO | First candle : 2026-07-06 09:07:00
2026-08-12 23:40:20 | INFO | Last candle  : 2026-07-07 15:31:00
2026-08-12 23:40:20 | INFO | Saved 2026-07-06: 377 candles -> data/raw/breeze\RELIND\1m\2026\07\2026-07-06.json
2026-08-12 23:40:20 | INFO | Saved 2026-07-07: 378 candles -> data/raw/breeze\RELIND\1m\2026\07\2026-07-07.json
2026-08-12 23:40:20 | INFO | Next trading day: 2026-07-08
2026-08-12 23:40:20 | INFO | Waiting 1.0 seconds...
2026-08-12 23:40:21 | INFO | 
2026-08-12 23:40:21 | INFO | ======================================================================
2026-08-12 23:40:21 | INFO | CHUNK #81
2026-08-12 23:40:21 | INFO | Trading days: 2026-07-08 -> 2026-07-09
2026-08-12 23:40:21 | INFO | Request: 2026-07-08T09:00:00.000Z -> 2026-07-09T15:45:00.000Z
2026-08-12 23:40:21 | INFO | ======================================================================
2026-08-12 23:40:21 | INFO | API request: 2026-07-08T09:00:00.000Z -> 2026-07-09T15:45:00.000Z (attempt 1/3)
2026-08-12 23:40:21 | INFO | Breeze returned 756 candles.
2026-08-12 23:40:21 | INFO | First candle : 2026-07-08 09:07:00
2026-08-12 23:40:21 | INFO | Last candle  : 2026-07-09 15:31:00
2026-08-12 23:40:21 | INFO | Saved 2026-07-08: 378 candles -> data/raw/breeze\RELIND\1m\2026\07\2026-07-08.json
2026-08-12 23:40:21 | INFO | Saved 2026-07-09: 378 candles -> data/raw/breeze\RELIND\1m\2026\07\2026-07-09.json
2026-08-12 23:40:21 | INFO | Next trading day: 2026-07-10
2026-08-12 23:40:21 | INFO | Waiting 1.0 seconds...
2026-08-12 23:40:22 | INFO | 
2026-08-12 23:40:22 | INFO | ======================================================================
2026-08-12 23:40:22 | INFO | CHUNK #82
2026-08-12 23:40:22 | INFO | Trading days: 2026-07-10 -> 2026-07-10
2026-08-12 23:40:22 | INFO | Request: 2026-07-10T09:00:00.000Z -> 2026-07-10T15:45:00.000Z
2026-08-12 23:40:22 | INFO | ======================================================================
2026-08-12 23:40:22 | INFO | API request: 2026-07-10T09:00:00.000Z -> 2026-07-10T15:45:00.000Z (attempt 1/3)
2026-08-12 23:40:25 | INFO | Breeze returned 378 candles.
2026-08-12 23:40:25 | INFO | First candle : 2026-07-10 09:07:00
2026-08-12 23:40:25 | INFO | Last candle  : 2026-07-10 15:31:00
2026-08-12 23:40:25 | INFO | Saved 2026-07-10: 378 candles -> data/raw/breeze\RELIND\1m\2026\07\2026-07-10.json
2026-08-12 23:40:25 | INFO | Next trading day: 2026-07-13
2026-08-12 23:40:25 | INFO | Waiting 1.0 seconds...
2026-08-12 23:40:26 | INFO | 
2026-08-12 23:40:26 | INFO | ======================================================================
2026-08-12 23:40:26 | INFO | CHUNK #83
2026-08-12 23:40:26 | INFO | Trading days: 2026-07-13 -> 2026-07-14
2026-08-12 23:40:26 | INFO | Request: 2026-07-13T09:00:00.000Z -> 2026-07-14T15:45:00.000Z
2026-08-12 23:40:26 | INFO | ======================================================================
2026-08-12 23:40:26 | INFO | API request: 2026-07-13T09:00:00.000Z -> 2026-07-14T15:45:00.000Z (attempt 1/3)
2026-08-12 23:40:27 | INFO | Breeze returned 756 candles.
2026-08-12 23:40:27 | INFO | First candle : 2026-07-13 09:07:00
2026-08-12 23:40:27 | INFO | Last candle  : 2026-07-14 15:31:00
2026-08-12 23:40:27 | INFO | Saved 2026-07-13: 378 candles -> data/raw/breeze\RELIND\1m\2026\07\2026-07-13.json
2026-08-12 23:40:27 | INFO | Saved 2026-07-14: 378 candles -> data/raw/breeze\RELIND\1m\2026\07\2026-07-14.json
2026-08-12 23:40:27 | INFO | Next trading day: 2026-07-15
2026-08-12 23:40:27 | INFO | Waiting 1.0 seconds...
2026-08-12 23:40:28 | INFO | 
2026-08-12 23:40:28 | INFO | ======================================================================
2026-08-12 23:40:28 | INFO | CHUNK #84
2026-08-12 23:40:28 | INFO | Trading days: 2026-07-15 -> 2026-07-16
2026-08-12 23:40:28 | INFO | Request: 2026-07-15T09:00:00.000Z -> 2026-07-16T15:45:00.000Z
2026-08-12 23:40:28 | INFO | ======================================================================
2026-08-12 23:40:28 | INFO | API request: 2026-07-15T09:00:00.000Z -> 2026-07-16T15:45:00.000Z (attempt 1/3)
2026-08-12 23:40:31 | INFO | Breeze returned 756 candles.
2026-08-12 23:40:31 | INFO | First candle : 2026-07-15 09:07:00
2026-08-12 23:40:31 | INFO | Last candle  : 2026-07-16 15:31:00
2026-08-12 23:40:31 | INFO | Saved 2026-07-15: 378 candles -> data/raw/breeze\RELIND\1m\2026\07\2026-07-15.json
2026-08-12 23:40:31 | INFO | Saved 2026-07-16: 378 candles -> data/raw/breeze\RELIND\1m\2026\07\2026-07-16.json
2026-08-12 23:40:31 | INFO | Next trading day: 2026-07-17
2026-08-12 23:40:31 | INFO | Waiting 1.0 seconds...
2026-08-12 23:40:32 | INFO | 
2026-08-12 23:40:32 | INFO | ======================================================================
2026-08-12 23:40:32 | INFO | CHUNK #85
2026-08-12 23:40:32 | INFO | Trading days: 2026-07-17 -> 2026-07-17
2026-08-12 23:40:32 | INFO | Request: 2026-07-17T09:00:00.000Z -> 2026-07-17T15:45:00.000Z
2026-08-12 23:40:32 | INFO | ======================================================================
2026-08-12 23:40:32 | INFO | API request: 2026-07-17T09:00:00.000Z -> 2026-07-17T15:45:00.000Z (attempt 1/3)
2026-08-12 23:40:33 | INFO | Breeze returned 378 candles.
2026-08-12 23:40:33 | INFO | First candle : 2026-07-17 09:07:00
2026-08-12 23:40:33 | INFO | Last candle  : 2026-07-17 15:31:00
2026-08-12 23:40:33 | INFO | Saved 2026-07-17: 378 candles -> data/raw/breeze\RELIND\1m\2026\07\2026-07-17.json
2026-08-12 23:40:33 | INFO | Next trading day: 2026-07-20
2026-08-12 23:40:33 | INFO | Waiting 1.0 seconds...
2026-08-12 23:40:34 | INFO | 
2026-08-12 23:40:34 | INFO | ======================================================================
2026-08-12 23:40:34 | INFO | CHUNK #86
2026-08-12 23:40:34 | INFO | Trading days: 2026-07-20 -> 2026-07-21
2026-08-12 23:40:34 | INFO | Request: 2026-07-20T09:00:00.000Z -> 2026-07-21T15:45:00.000Z
2026-08-12 23:40:34 | INFO | ======================================================================
2026-08-12 23:40:34 | INFO | API request: 2026-07-20T09:00:00.000Z -> 2026-07-21T15:45:00.000Z (attempt 1/3)
2026-08-12 23:40:34 | INFO | Breeze returned 756 candles.
2026-08-12 23:40:34 | INFO | First candle : 2026-07-20 09:07:00
2026-08-12 23:40:34 | INFO | Last candle  : 2026-07-21 15:31:00
2026-08-12 23:40:34 | INFO | Saved 2026-07-20: 378 candles -> data/raw/breeze\RELIND\1m\2026\07\2026-07-20.json
2026-08-12 23:40:34 | INFO | Saved 2026-07-21: 378 candles -> data/raw/breeze\RELIND\1m\2026\07\2026-07-21.json
2026-08-12 23:40:34 | INFO | Next trading day: 2026-07-22
2026-08-12 23:40:34 | INFO | Waiting 1.0 seconds...
2026-08-12 23:40:35 | INFO | 
2026-08-12 23:40:35 | INFO | ======================================================================
2026-08-12 23:40:35 | INFO | CHUNK #87
2026-08-12 23:40:35 | INFO | Trading days: 2026-07-22 -> 2026-07-23
2026-08-12 23:40:35 | INFO | Request: 2026-07-22T09:00:00.000Z -> 2026-07-23T15:45:00.000Z
2026-08-12 23:40:35 | INFO | ======================================================================
2026-08-12 23:40:35 | INFO | API request: 2026-07-22T09:00:00.000Z -> 2026-07-23T15:45:00.000Z (attempt 1/3)
2026-08-12 23:40:36 | INFO | Breeze returned 756 candles.
2026-08-12 23:40:36 | INFO | First candle : 2026-07-22 09:07:00
2026-08-12 23:40:36 | INFO | Last candle  : 2026-07-23 15:31:00
2026-08-12 23:40:36 | INFO | Saved 2026-07-22: 378 candles -> data/raw/breeze\RELIND\1m\2026\07\2026-07-22.json
2026-08-12 23:40:36 | INFO | Saved 2026-07-23: 378 candles -> data/raw/breeze\RELIND\1m\2026\07\2026-07-23.json
2026-08-12 23:40:36 | INFO | Next trading day: 2026-07-24
2026-08-12 23:40:36 | INFO | Waiting 1.0 seconds...
2026-08-12 23:40:37 | INFO | 
2026-08-12 23:40:37 | INFO | ======================================================================
2026-08-12 23:40:37 | INFO | CHUNK #88
2026-08-12 23:40:37 | INFO | Trading days: 2026-07-24 -> 2026-07-24
2026-08-12 23:40:37 | INFO | Request: 2026-07-24T09:00:00.000Z -> 2026-07-24T15:45:00.000Z
2026-08-12 23:40:37 | INFO | ======================================================================
2026-08-12 23:40:37 | INFO | API request: 2026-07-24T09:00:00.000Z -> 2026-07-24T15:45:00.000Z (attempt 1/3)
2026-08-12 23:40:38 | INFO | Breeze returned 378 candles.
2026-08-12 23:40:38 | INFO | First candle : 2026-07-24 09:07:00
2026-08-12 23:40:38 | INFO | Last candle  : 2026-07-24 15:31:00
2026-08-12 23:40:38 | INFO | Saved 2026-07-24: 378 candles -> data/raw/breeze\RELIND\1m\2026\07\2026-07-24.json
2026-08-12 23:40:38 | INFO | Next trading day: 2026-07-27
2026-08-12 23:40:38 | INFO | Waiting 1.0 seconds...
2026-08-12 23:40:39 | INFO | 
2026-08-12 23:40:39 | INFO | ======================================================================
2026-08-12 23:40:39 | INFO | CHUNK #89
2026-08-12 23:40:39 | INFO | Trading days: 2026-07-27 -> 2026-07-28
2026-08-12 23:40:39 | INFO | Request: 2026-07-27T09:00:00.000Z -> 2026-07-28T15:45:00.000Z
2026-08-12 23:40:39 | INFO | ======================================================================
2026-08-12 23:40:39 | INFO | API request: 2026-07-27T09:00:00.000Z -> 2026-07-28T15:45:00.000Z (attempt 1/3)
2026-08-12 23:40:40 | INFO | Breeze returned 756 candles.
2026-08-12 23:40:40 | INFO | First candle : 2026-07-27 09:07:00
2026-08-12 23:40:40 | INFO | Last candle  : 2026-07-28 15:31:00
2026-08-12 23:40:40 | INFO | Saved 2026-07-27: 378 candles -> data/raw/breeze\RELIND\1m\2026\07\2026-07-27.json
2026-08-12 23:40:40 | INFO | Saved 2026-07-28: 378 candles -> data/raw/breeze\RELIND\1m\2026\07\2026-07-28.json
2026-08-12 23:40:40 | INFO | Next trading day: 2026-07-29
2026-08-12 23:40:40 | INFO | Waiting 1.0 seconds...
2026-08-12 23:40:41 | INFO | 
2026-08-12 23:40:41 | INFO | ======================================================================
2026-08-12 23:40:41 | INFO | CHUNK #90
2026-08-12 23:40:41 | INFO | Trading days: 2026-07-29 -> 2026-07-30
2026-08-12 23:40:41 | INFO | Request: 2026-07-29T09:00:00.000Z -> 2026-07-30T15:45:00.000Z
2026-08-12 23:40:41 | INFO | ======================================================================
2026-08-12 23:40:41 | INFO | API request: 2026-07-29T09:00:00.000Z -> 2026-07-30T15:45:00.000Z (attempt 1/3)
2026-08-12 23:40:42 | INFO | Breeze returned 756 candles.
2026-08-12 23:40:42 | INFO | First candle : 2026-07-29 09:07:00
2026-08-12 23:40:42 | INFO | Last candle  : 2026-07-30 15:31:00
2026-08-12 23:40:42 | INFO | Saved 2026-07-29: 378 candles -> data/raw/breeze\RELIND\1m\2026\07\2026-07-29.json
2026-08-12 23:40:42 | INFO | Saved 2026-07-30: 378 candles -> data/raw/breeze\RELIND\1m\2026\07\2026-07-30.json
2026-08-12 23:40:42 | INFO | Next trading day: 2026-07-31
2026-08-12 23:40:42 | INFO | Waiting 1.0 seconds...
2026-08-12 23:40:43 | INFO | 
2026-08-12 23:40:43 | INFO | ======================================================================
2026-08-12 23:40:43 | INFO | CHUNK #91
2026-08-12 23:40:43 | INFO | Trading days: 2026-07-31 -> 2026-07-31
2026-08-12 23:40:43 | INFO | Request: 2026-07-31T09:00:00.000Z -> 2026-07-31T15:45:00.000Z
2026-08-12 23:40:43 | INFO | ======================================================================
2026-08-12 23:40:43 | INFO | API request: 2026-07-31T09:00:00.000Z -> 2026-07-31T15:45:00.000Z (attempt 1/3)
2026-08-12 23:40:43 | INFO | Breeze returned 378 candles.
2026-08-12 23:40:43 | INFO | First candle : 2026-07-31 09:07:00
2026-08-12 23:40:43 | INFO | Last candle  : 2026-07-31 15:31:00
2026-08-12 23:40:43 | INFO | Saved 2026-07-31: 378 candles -> data/raw/breeze\RELIND\1m\2026\07\2026-07-31.json
2026-08-12 23:40:43 | INFO | 
2026-08-12 23:40:43 | INFO | ======================================================================
2026-08-12 23:40:43 | INFO | DOWNLOAD COMPLETE
2026-08-12 23:40:43 | INFO | ======================================================================
2026-08-12 23:40:43 | INFO | Daily files present: 152
2026-08-12 23:40:43 | INFO | Data directory: data/raw/breeze\RELIND\1m
2026-08-12 23:40:43 | INFO | Log file: logs\RELIND_1minute_20260812_233133.log
2026-08-12 23:40:43 | INFO | ======================================================================
