2026-08-12 23:41:42 | INFO | ======================================================================
2026-08-12 23:41:42 | INFO | BREEZE HISTORICAL DATA DOWNLOADER
2026-08-12 23:41:42 | INFO | ======================================================================
2026-08-12 23:41:42 | INFO | Stock          : RELIND
2026-08-12 23:41:42 | INFO | Exchange       : NSE
2026-08-12 23:41:42 | INFO | Product        : cash
2026-08-12 23:41:42 | INFO | Interval       : 1minute
2026-08-12 23:41:42 | INFO | From           : 2026-01-01T09:00:00.000Z
2026-08-12 23:41:42 | INFO | To             : 2026-07-31T15:45:00.000Z
2026-08-12 23:41:42 | INFO | Market session : 09:00 -> 15:45
2026-08-12 23:41:42 | INFO | Chunk days     : 2
2026-08-12 23:41:42 | INFO | Request delay  : 1.0s
2026-08-12 23:41:42 | INFO | Max retries    : 3
2026-08-12 23:41:42 | INFO | Data directory : data/raw/breeze\RELIND\1m
2026-08-12 23:41:42 | INFO | Log file       : logs\RELIND_1minute_20260812_234142.log
2026-08-12 23:41:42 | INFO | ======================================================================
2026-08-12 23:41:42 | INFO | Initializing BreezeConnect...
2026-08-12 23:41:42 | INFO | Breeze login URL generated.
2026-08-12 23:41:42 | INFO | Generating Breeze session...
2026-08-12 23:41:59 | INFO | Breeze session generated successfully.
2026-08-12 23:41:59 | INFO | 
2026-08-12 23:41:59 | INFO | ======================================================================
2026-08-12 23:41:59 | INFO | STARTING DOWNLOAD
2026-08-12 23:41:59 | INFO | ======================================================================
2026-08-12 23:41:59 | INFO | 2026-01-01 already downloaded. Skipping.
2026-08-12 23:41:59 | INFO | 2026-01-02 already downloaded. Skipping.
2026-08-12 23:41:59 | INFO | 2026-01-05 already downloaded. Skipping.
2026-08-12 23:41:59 | INFO | 2026-01-06 already downloaded. Skipping.
2026-08-12 23:41:59 | INFO | 2026-01-07 already downloaded. Skipping.
2026-08-12 23:41:59 | INFO | 2026-01-08 already downloaded. Skipping.
2026-08-12 23:41:59 | INFO | 2026-01-09 already downloaded. Skipping.
2026-08-12 23:41:59 | INFO | 2026-01-12 already downloaded. Skipping.
2026-08-12 23:41:59 | INFO | 2026-01-13 already downloaded. Skipping.
2026-08-12 23:41:59 | INFO | 2026-01-14 already downloaded. Skipping.
2026-08-12 23:41:59 | INFO | 
2026-08-12 23:41:59 | INFO | ======================================================================
2026-08-12 23:41:59 | INFO | CHUNK #1
2026-08-12 23:41:59 | INFO | Trading days: 2026-01-15 -> 2026-01-15
2026-08-12 23:41:59 | INFO | Request: 2026-01-15T09:00:00.000Z -> 2026-01-15T15:45:00.000Z
2026-08-12 23:41:59 | INFO | ======================================================================
2026-08-12 23:41:59 | INFO | API request: 2026-01-15T09:00:00.000Z -> 2026-01-15T15:45:00.000Z (attempt 1/3)
2026-08-12 23:41:59 | INFO | Breeze returned 0 candles.
2026-08-12 23:41:59 | INFO | Saved 2026-01-15: 0 candles -> data/raw/breeze\RELIND\1m\2026\01\2026-01-15.json
2026-08-12 23:41:59 | INFO | Next trading day: 2026-01-16
2026-08-12 23:41:59 | INFO | Waiting 1.0 seconds...
2026-08-12 23:42:00 | INFO | 2026-01-16 already downloaded. Skipping.
2026-08-12 23:42:00 | INFO | 2026-01-19 already downloaded. Skipping.
2026-08-12 23:42:00 | INFO | 2026-01-20 already downloaded. Skipping.
2026-08-12 23:42:00 | INFO | 2026-01-21 already downloaded. Skipping.
2026-08-12 23:42:00 | INFO | 2026-01-22 already downloaded. Skipping.
2026-08-12 23:42:00 | INFO | 2026-01-23 already downloaded. Skipping.
2026-08-12 23:42:00 | INFO | 
2026-08-12 23:42:00 | INFO | ======================================================================
2026-08-12 23:42:00 | INFO | CHUNK #2
2026-08-12 23:42:00 | INFO | Trading days: 2026-01-26 -> 2026-01-26
2026-08-12 23:42:00 | INFO | Request: 2026-01-26T09:00:00.000Z -> 2026-01-26T15:45:00.000Z
2026-08-12 23:42:00 | INFO | ======================================================================
2026-08-12 23:42:00 | INFO | API request: 2026-01-26T09:00:00.000Z -> 2026-01-26T15:45:00.000Z (attempt 1/3)
2026-08-12 23:42:01 | INFO | Breeze returned 0 candles.
2026-08-12 23:42:01 | INFO | Saved 2026-01-26: 0 candles -> data/raw/breeze\RELIND\1m\2026\01\2026-01-26.json
2026-08-12 23:42:01 | INFO | Next trading day: 2026-01-27
2026-08-12 23:42:01 | INFO | Waiting 1.0 seconds...
2026-08-12 23:42:02 | INFO | 2026-01-27 already downloaded. Skipping.
2026-08-12 23:42:02 | INFO | 2026-01-28 already downloaded. Skipping.
2026-08-12 23:42:02 | INFO | 2026-01-29 already downloaded. Skipping.
2026-08-12 23:42:02 | INFO | 2026-01-30 already downloaded. Skipping.
2026-08-12 23:42:02 | INFO | 2026-02-02 already downloaded. Skipping.
2026-08-12 23:42:02 | INFO | 2026-02-03 already downloaded. Skipping.
2026-08-12 23:42:02 | INFO | 2026-02-04 already downloaded. Skipping.
2026-08-12 23:42:02 | INFO | 2026-02-05 already downloaded. Skipping.
2026-08-12 23:42:02 | INFO | 2026-02-06 already downloaded. Skipping.
2026-08-12 23:42:02 | INFO | 2026-02-09 already downloaded. Skipping.
2026-08-12 23:42:02 | INFO | 2026-02-10 already downloaded. Skipping.
2026-08-12 23:42:02 | INFO | 2026-02-11 already downloaded. Skipping.
2026-08-12 23:42:02 | INFO | 2026-02-12 already downloaded. Skipping.
2026-08-12 23:42:02 | INFO | 2026-02-13 already downloaded. Skipping.
2026-08-12 23:42:02 | INFO | 2026-02-16 already downloaded. Skipping.
2026-08-12 23:42:02 | INFO | 2026-02-17 already downloaded. Skipping.
2026-08-12 23:42:02 | INFO | 2026-02-18 already downloaded. Skipping.
2026-08-12 23:42:02 | INFO | 2026-02-19 already downloaded. Skipping.
2026-08-12 23:42:02 | INFO | 2026-02-20 already downloaded. Skipping.
2026-08-12 23:42:02 | INFO | 2026-02-23 already downloaded. Skipping.
2026-08-12 23:42:02 | INFO | 2026-02-24 already downloaded. Skipping.
2026-08-12 23:42:02 | INFO | 2026-02-25 already downloaded. Skipping.
2026-08-12 23:42:02 | INFO | 2026-02-26 already downloaded. Skipping.
2026-08-12 23:42:02 | INFO | 2026-02-27 already downloaded. Skipping.
2026-08-12 23:42:02 | INFO | 2026-03-02 already downloaded. Skipping.
2026-08-12 23:42:02 | INFO | 
2026-08-12 23:42:02 | INFO | ======================================================================
2026-08-12 23:42:02 | INFO | CHUNK #3
2026-08-12 23:42:02 | INFO | Trading days: 2026-03-03 -> 2026-03-03
2026-08-12 23:42:02 | INFO | Request: 2026-03-03T09:00:00.000Z -> 2026-03-03T15:45:00.000Z
2026-08-12 23:42:02 | INFO | ======================================================================
2026-08-12 23:42:02 | INFO | API request: 2026-03-03T09:00:00.000Z -> 2026-03-03T15:45:00.000Z (attempt 1/3)
2026-08-12 23:42:02 | INFO | Breeze returned 0 candles.
2026-08-12 23:42:02 | INFO | Saved 2026-03-03: 0 candles -> data/raw/breeze\RELIND\1m\2026\03\2026-03-03.json
2026-08-12 23:42:02 | INFO | Next trading day: 2026-03-04
2026-08-12 23:42:02 | INFO | Waiting 1.0 seconds...
2026-08-12 23:42:03 | INFO | 2026-03-04 already downloaded. Skipping.
2026-08-12 23:42:04 | INFO | 2026-03-05 already downloaded. Skipping.
2026-08-12 23:42:04 | INFO | 2026-03-06 already downloaded. Skipping.
2026-08-12 23:42:04 | INFO | 2026-03-09 already downloaded. Skipping.
2026-08-12 23:42:04 | INFO | 2026-03-10 already downloaded. Skipping.
2026-08-12 23:42:04 | INFO | 2026-03-11 already downloaded. Skipping.
2026-08-12 23:42:04 | INFO | 2026-03-12 already downloaded. Skipping.
2026-08-12 23:42:04 | INFO | 2026-03-13 already downloaded. Skipping.
2026-08-12 23:42:04 | INFO | 2026-03-16 already downloaded. Skipping.
2026-08-12 23:42:04 | INFO | 2026-03-17 already downloaded. Skipping.
2026-08-12 23:42:04 | INFO | 2026-03-18 already downloaded. Skipping.
2026-08-12 23:42:04 | INFO | 2026-03-19 already downloaded. Skipping.
2026-08-12 23:42:04 | INFO | 2026-03-20 already downloaded. Skipping.
2026-08-12 23:42:04 | INFO | 2026-03-23 already downloaded. Skipping.
2026-08-12 23:42:04 | INFO | 2026-03-24 already downloaded. Skipping.
2026-08-12 23:42:04 | INFO | 2026-03-25 already downloaded. Skipping.
2026-08-12 23:42:04 | INFO | 
2026-08-12 23:42:04 | INFO | ======================================================================
2026-08-12 23:42:04 | INFO | CHUNK #4
2026-08-12 23:42:04 | INFO | Trading days: 2026-03-26 -> 2026-03-26
2026-08-12 23:42:04 | INFO | Request: 2026-03-26T09:00:00.000Z -> 2026-03-26T15:45:00.000Z
2026-08-12 23:42:04 | INFO | ======================================================================
2026-08-12 23:42:04 | INFO | API request: 2026-03-26T09:00:00.000Z -> 2026-03-26T15:45:00.000Z (attempt 1/3)
2026-08-12 23:42:04 | INFO | Breeze returned 0 candles.
2026-08-12 23:42:04 | INFO | Saved 2026-03-26: 0 candles -> data/raw/breeze\RELIND\1m\2026\03\2026-03-26.json
2026-08-12 23:42:04 | INFO | Next trading day: 2026-03-27
2026-08-12 23:42:04 | INFO | Waiting 1.0 seconds...
2026-08-12 23:42:05 | INFO | 2026-03-27 already downloaded. Skipping.
2026-08-12 23:42:05 | INFO | 2026-03-30 already downloaded. Skipping.
2026-08-12 23:42:05 | INFO | 
2026-08-12 23:42:05 | INFO | ======================================================================
2026-08-12 23:42:05 | INFO | CHUNK #5
2026-08-12 23:42:05 | INFO | Trading days: 2026-03-31 -> 2026-03-31
2026-08-12 23:42:05 | INFO | Request: 2026-03-31T09:00:00.000Z -> 2026-03-31T15:45:00.000Z
2026-08-12 23:42:05 | INFO | ======================================================================
2026-08-12 23:42:05 | INFO | API request: 2026-03-31T09:00:00.000Z -> 2026-03-31T15:45:00.000Z (attempt 1/3)
2026-08-12 23:42:06 | INFO | Breeze returned 0 candles.
2026-08-12 23:42:06 | INFO | Saved 2026-03-31: 0 candles -> data/raw/breeze\RELIND\1m\2026\03\2026-03-31.json
2026-08-12 23:42:06 | INFO | Next trading day: 2026-04-01
2026-08-12 23:42:06 | INFO | Waiting 1.0 seconds...
2026-08-12 23:42:07 | INFO | 2026-04-01 already downloaded. Skipping.
2026-08-12 23:42:07 | INFO | 2026-04-02 already downloaded. Skipping.
2026-08-12 23:42:07 | INFO | 
2026-08-12 23:42:07 | INFO | ======================================================================
2026-08-12 23:42:07 | INFO | CHUNK #6
2026-08-12 23:42:07 | INFO | Trading days: 2026-04-03 -> 2026-04-03
2026-08-12 23:42:07 | INFO | Request: 2026-04-03T09:00:00.000Z -> 2026-04-03T15:45:00.000Z
2026-08-12 23:42:07 | INFO | ======================================================================
2026-08-12 23:42:07 | INFO | API request: 2026-04-03T09:00:00.000Z -> 2026-04-03T15:45:00.000Z (attempt 1/3)
2026-08-12 23:42:07 | INFO | Breeze returned 0 candles.
2026-08-12 23:42:07 | INFO | Saved 2026-04-03: 0 candles -> data/raw/breeze\RELIND\1m\2026\04\2026-04-03.json
2026-08-12 23:42:07 | INFO | Next trading day: 2026-04-06
2026-08-12 23:42:07 | INFO | Waiting 1.0 seconds...
2026-08-12 23:42:08 | INFO | 2026-04-06 already downloaded. Skipping.
2026-08-12 23:42:08 | INFO | 2026-04-07 already downloaded. Skipping.
2026-08-12 23:42:08 | INFO | 2026-04-08 already downloaded. Skipping.
2026-08-12 23:42:08 | INFO | 2026-04-09 already downloaded. Skipping.
2026-08-12 23:42:08 | INFO | 2026-04-10 already downloaded. Skipping.
2026-08-12 23:42:08 | INFO | 2026-04-13 already downloaded. Skipping.
2026-08-12 23:42:08 | INFO | 
2026-08-12 23:42:08 | INFO | ======================================================================
2026-08-12 23:42:08 | INFO | CHUNK #7
2026-08-12 23:42:08 | INFO | Trading days: 2026-04-14 -> 2026-04-14
2026-08-12 23:42:08 | INFO | Request: 2026-04-14T09:00:00.000Z -> 2026-04-14T15:45:00.000Z
2026-08-12 23:42:08 | INFO | ======================================================================
2026-08-12 23:42:08 | INFO | API request: 2026-04-14T09:00:00.000Z -> 2026-04-14T15:45:00.000Z (attempt 1/3)
2026-08-12 23:42:10 | INFO | Breeze returned 0 candles.
2026-08-12 23:42:10 | INFO | Saved 2026-04-14: 0 candles -> data/raw/breeze\RELIND\1m\2026\04\2026-04-14.json
2026-08-12 23:42:10 | INFO | Next trading day: 2026-04-15
2026-08-12 23:42:10 | INFO | Waiting 1.0 seconds...
2026-08-12 23:42:11 | INFO | 2026-04-15 already downloaded. Skipping.
2026-08-12 23:42:11 | INFO | 2026-04-16 already downloaded. Skipping.
2026-08-12 23:42:11 | INFO | 2026-04-17 already downloaded. Skipping.
2026-08-12 23:42:11 | INFO | 2026-04-20 already downloaded. Skipping.
2026-08-12 23:42:11 | INFO | 2026-04-21 already downloaded. Skipping.
2026-08-12 23:42:11 | INFO | 2026-04-22 already downloaded. Skipping.
2026-08-12 23:42:11 | INFO | 2026-04-23 already downloaded. Skipping.
2026-08-12 23:42:11 | INFO | 2026-04-24 already downloaded. Skipping.
2026-08-12 23:42:11 | INFO | 2026-04-27 already downloaded. Skipping.
2026-08-12 23:42:11 | INFO | 2026-04-28 already downloaded. Skipping.
2026-08-12 23:42:11 | INFO | 2026-04-29 already downloaded. Skipping.
2026-08-12 23:42:11 | INFO | 2026-04-30 already downloaded. Skipping.
2026-08-12 23:42:11 | INFO | 
2026-08-12 23:42:11 | INFO | ======================================================================
2026-08-12 23:42:11 | INFO | CHUNK #8
2026-08-12 23:42:11 | INFO | Trading days: 2026-05-01 -> 2026-05-01
2026-08-12 23:42:11 | INFO | Request: 2026-05-01T09:00:00.000Z -> 2026-05-01T15:45:00.000Z
2026-08-12 23:42:11 | INFO | ======================================================================
2026-08-12 23:42:11 | INFO | API request: 2026-05-01T09:00:00.000Z -> 2026-05-01T15:45:00.000Z (attempt 1/3)
2026-08-12 23:42:12 | INFO | Breeze returned 0 candles.
2026-08-12 23:42:12 | INFO | Saved 2026-05-01: 0 candles -> data/raw/breeze\RELIND\1m\2026\05\2026-05-01.json
2026-08-12 23:42:12 | INFO | Next trading day: 2026-05-04
2026-08-12 23:42:12 | INFO | Waiting 1.0 seconds...
2026-08-12 23:42:13 | INFO | 2026-05-04 already downloaded. Skipping.
2026-08-12 23:42:13 | INFO | 2026-05-05 already downloaded. Skipping.
2026-08-12 23:42:13 | INFO | 2026-05-06 already downloaded. Skipping.
2026-08-12 23:42:13 | INFO | 2026-05-07 already downloaded. Skipping.
2026-08-12 23:42:13 | INFO | 2026-05-08 already downloaded. Skipping.
2026-08-12 23:42:13 | INFO | 2026-05-11 already downloaded. Skipping.
2026-08-12 23:42:13 | INFO | 2026-05-12 already downloaded. Skipping.
2026-08-12 23:42:13 | INFO | 2026-05-13 already downloaded. Skipping.
2026-08-12 23:42:13 | INFO | 2026-05-14 already downloaded. Skipping.
2026-08-12 23:42:13 | INFO | 2026-05-15 already downloaded. Skipping.
2026-08-12 23:42:13 | INFO | 2026-05-18 already downloaded. Skipping.
2026-08-12 23:42:13 | INFO | 2026-05-19 already downloaded. Skipping.
2026-08-12 23:42:13 | INFO | 2026-05-20 already downloaded. Skipping.
2026-08-12 23:42:13 | INFO | 2026-05-21 already downloaded. Skipping.
2026-08-12 23:42:13 | INFO | 2026-05-22 already downloaded. Skipping.
2026-08-12 23:42:13 | INFO | 2026-05-25 already downloaded. Skipping.
2026-08-12 23:42:13 | INFO | 2026-05-26 already downloaded. Skipping.
2026-08-12 23:42:13 | INFO | 2026-05-27 already downloaded. Skipping.
2026-08-12 23:42:13 | INFO | 
2026-08-12 23:42:13 | INFO | ======================================================================
2026-08-12 23:42:13 | INFO | CHUNK #9
2026-08-12 23:42:13 | INFO | Trading days: 2026-05-28 -> 2026-05-28
2026-08-12 23:42:13 | INFO | Request: 2026-05-28T09:00:00.000Z -> 2026-05-28T15:45:00.000Z
2026-08-12 23:42:13 | INFO | ======================================================================
2026-08-12 23:42:13 | INFO | API request: 2026-05-28T09:00:00.000Z -> 2026-05-28T15:45:00.000Z (attempt 1/3)
2026-08-12 23:42:13 | INFO | Breeze returned 0 candles.
2026-08-12 23:42:13 | INFO | Saved 2026-05-28: 0 candles -> data/raw/breeze\RELIND\1m\2026\05\2026-05-28.json
2026-08-12 23:42:13 | INFO | Next trading day: 2026-05-29
2026-08-12 23:42:13 | INFO | Waiting 1.0 seconds...
2026-08-12 23:42:14 | INFO | 2026-05-29 already downloaded. Skipping.
2026-08-12 23:42:14 | INFO | 2026-06-01 already downloaded. Skipping.
2026-08-12 23:42:14 | INFO | 2026-06-02 already downloaded. Skipping.
2026-08-12 23:42:14 | INFO | 2026-06-03 already downloaded. Skipping.
2026-08-12 23:42:14 | INFO | 2026-06-04 already downloaded. Skipping.
2026-08-12 23:42:14 | INFO | 2026-06-05 already downloaded. Skipping.
2026-08-12 23:42:14 | INFO | 2026-06-08 already downloaded. Skipping.
2026-08-12 23:42:14 | INFO | 2026-06-09 already downloaded. Skipping.
2026-08-12 23:42:14 | INFO | 2026-06-10 already downloaded. Skipping.
2026-08-12 23:42:14 | INFO | 2026-06-11 already downloaded. Skipping.
2026-08-12 23:42:14 | INFO | 2026-06-12 already downloaded. Skipping.
2026-08-12 23:42:14 | INFO | 2026-06-15 already downloaded. Skipping.
2026-08-12 23:42:14 | INFO | 2026-06-16 already downloaded. Skipping.
2026-08-12 23:42:14 | INFO | 2026-06-17 already downloaded. Skipping.
2026-08-12 23:42:14 | INFO | 2026-06-18 already downloaded. Skipping.
2026-08-12 23:42:14 | INFO | 2026-06-19 already downloaded. Skipping.
2026-08-12 23:42:14 | INFO | 2026-06-22 already downloaded. Skipping.
2026-08-12 23:42:14 | INFO | 2026-06-23 already downloaded. Skipping.
2026-08-12 23:42:14 | INFO | 2026-06-24 already downloaded. Skipping.
2026-08-12 23:42:14 | INFO | 2026-06-25 already downloaded. Skipping.
2026-08-12 23:42:14 | INFO | 
2026-08-12 23:42:14 | INFO | ======================================================================
2026-08-12 23:42:14 | INFO | CHUNK #10
2026-08-12 23:42:14 | INFO | Trading days: 2026-06-26 -> 2026-06-26
2026-08-12 23:42:14 | INFO | Request: 2026-06-26T09:00:00.000Z -> 2026-06-26T15:45:00.000Z
2026-08-12 23:42:14 | INFO | ======================================================================
2026-08-12 23:42:14 | INFO | API request: 2026-06-26T09:00:00.000Z -> 2026-06-26T15:45:00.000Z (attempt 1/3)
2026-08-12 23:42:15 | INFO | Breeze returned 0 candles.
2026-08-12 23:42:15 | INFO | Saved 2026-06-26: 0 candles -> data/raw/breeze\RELIND\1m\2026\06\2026-06-26.json
2026-08-12 23:42:15 | INFO | Next trading day: 2026-06-29
2026-08-12 23:42:15 | INFO | Waiting 1.0 seconds...
2026-08-12 23:42:16 | INFO | 2026-06-29 already downloaded. Skipping.
2026-08-12 23:42:16 | INFO | 2026-06-30 already downloaded. Skipping.
2026-08-12 23:42:16 | INFO | 2026-07-01 already downloaded. Skipping.
2026-08-12 23:42:16 | INFO | 2026-07-02 already downloaded. Skipping.
2026-08-12 23:42:16 | INFO | 2026-07-03 already downloaded. Skipping.
2026-08-12 23:42:16 | INFO | 2026-07-06 already downloaded. Skipping.
2026-08-12 23:42:16 | INFO | 2026-07-07 already downloaded. Skipping.
2026-08-12 23:42:16 | INFO | 2026-07-08 already downloaded. Skipping.
2026-08-12 23:42:16 | INFO | 2026-07-09 already downloaded. Skipping.
2026-08-12 23:42:16 | INFO | 2026-07-10 already downloaded. Skipping.
2026-08-12 23:42:16 | INFO | 2026-07-13 already downloaded. Skipping.
2026-08-12 23:42:16 | INFO | 2026-07-14 already downloaded. Skipping.
2026-08-12 23:42:16 | INFO | 2026-07-15 already downloaded. Skipping.
2026-08-12 23:42:16 | INFO | 2026-07-16 already downloaded. Skipping.
2026-08-12 23:42:16 | INFO | 2026-07-17 already downloaded. Skipping.
2026-08-12 23:42:16 | INFO | 2026-07-20 already downloaded. Skipping.
2026-08-12 23:42:16 | INFO | 2026-07-21 already downloaded. Skipping.
2026-08-12 23:42:16 | INFO | 2026-07-22 already downloaded. Skipping.
2026-08-12 23:42:16 | INFO | 2026-07-23 already downloaded. Skipping.
2026-08-12 23:42:16 | INFO | 2026-07-24 already downloaded. Skipping.
2026-08-12 23:42:16 | INFO | 2026-07-27 already downloaded. Skipping.
2026-08-12 23:42:17 | INFO | 2026-07-28 already downloaded. Skipping.
2026-08-12 23:42:17 | INFO | 2026-07-29 already downloaded. Skipping.
2026-08-12 23:42:17 | INFO | 2026-07-30 already downloaded. Skipping.
2026-08-12 23:42:17 | INFO | 2026-07-31 already downloaded. Skipping.
2026-08-12 23:42:17 | INFO | All requested trading days are already downloaded.
2026-08-12 23:42:17 | INFO | 
2026-08-12 23:42:17 | INFO | ======================================================================
2026-08-12 23:42:17 | INFO | DOWNLOAD COMPLETE
2026-08-12 23:42:17 | INFO | ======================================================================
2026-08-12 23:42:17 | INFO | Daily files present: 152
2026-08-12 23:42:17 | INFO | Data directory: data/raw/breeze\RELIND\1m
2026-08-12 23:42:17 | INFO | Log file: logs\RELIND_1minute_20260812_234142.log
2026-08-12 23:42:17 | INFO | ======================================================================
